Archive member included to satisfy reference by file (symbol)

lib/libdaisy/build/libdaisy.a(daisy_seed.o)
                              build/main.o (daisy::DaisySeed::Configure())
lib/libdaisy/build/libdaisy.a(codec_ak4556.o)
                              lib/libdaisy/build/libdaisy.a(daisy_seed.o) (daisy::Ak4556::Init(dsy_gpio_pin))
lib/libdaisy/build/libdaisy.a(codec_wm8731.o)
                              lib/libdaisy/build/libdaisy.a(daisy_seed.o) (daisy::Wm8731::Init(daisy::Wm8731::Config const&, daisy::I2CHandle))
lib/libdaisy/build/libdaisy.a(sdram.o)
                              lib/libdaisy/build/libdaisy.a(daisy_seed.o) (SdramHandle::Init())
lib/libdaisy/build/libdaisy.a(audio.o)
                              lib/libdaisy/build/libdaisy.a(daisy_seed.o) (daisy::AudioHandle::Init(daisy::AudioHandle::Config const&, daisy::SaiHandle))
lib/libdaisy/build/libdaisy.a(ctrl.o)
                              build/main.o (daisy::AnalogControl::Init(unsigned short*, float, bool, bool, float))
lib/libdaisy/build/libdaisy.a(led.o)
                              build/main.o (daisy::Led::Init(dsy_gpio_pin, bool, float))
lib/libdaisy/build/libdaisy.a(parameter.o)
                              build/main.o (daisy::Parameter::Init(daisy::AnalogControl, float, float, daisy::Parameter::Curve))
lib/libdaisy/build/libdaisy.a(adc.o)
                              build/main.o (daisy::AdcChannelConfig::InitSingle(dsy_gpio_pin))
lib/libdaisy/build/libdaisy.a(gpio.o)
                              lib/libdaisy/build/libdaisy.a(daisy_seed.o) (dsy_gpio_init)
lib/libdaisy/build/libdaisy.a(i2c.o)
                              lib/libdaisy/build/libdaisy.a(daisy_seed.o) (daisy::I2CHandle::Init(daisy::I2CHandle::Config const&))
lib/libdaisy/build/libdaisy.a(qspi.o)
                              lib/libdaisy/build/libdaisy.a(daisy_seed.o) (daisy::QSPIHandle::Init(daisy::QSPIHandle::Config const&))
lib/libdaisy/build/libdaisy.a(sai.o)
                              lib/libdaisy/build/libdaisy.a(daisy_seed.o) (daisy::SaiHandle::Init(daisy::SaiHandle::Config const&))
lib/libdaisy/build/libdaisy.a(uart.o)
                              build/main.o (daisy::UartHandler::Init(daisy::UartHandler::Config const&))
lib/libdaisy/build/libdaisy.a(system.o)
                              lib/libdaisy/build/libdaisy.a(daisy_seed.o) (daisy::System::DeInit())
lib/libdaisy/build/libdaisy.a(system_stm32h7xx.o)
                              build/startup_stm32h750xx.o (SystemInit)
lib/libdaisy/build/libdaisy.a(usbd_conf.o)
                              lib/libdaisy/build/libdaisy.a(system.o) (hpcd_USB_OTG_HS)
lib/libdaisy/build/libdaisy.a(usbh_conf.o)
                              lib/libdaisy/build/libdaisy.a(system.o) (hhcd_USB_OTG_HS)
lib/libdaisy/build/libdaisy.a(hal_map.o)
                              lib/libdaisy/build/libdaisy.a(gpio.o) (dsy_hal_map_get_port)
lib/libdaisy/build/libdaisy.a(stm32h7xx_hal.o)
                              lib/libdaisy/build/libdaisy.a(system.o) (HAL_Init)
lib/libdaisy/build/libdaisy.a(stm32h7xx_hal_adc.o)
                              lib/libdaisy/build/libdaisy.a(adc.o) (HAL_ADC_ConfigChannel)
lib/libdaisy/build/libdaisy.a(stm32h7xx_hal_adc_ex.o)
                              lib/libdaisy/build/libdaisy.a(adc.o) (HAL_ADCEx_Calibration_Start)
lib/libdaisy/build/libdaisy.a(stm32h7xx_hal_cortex.o)
                              lib/libdaisy/build/libdaisy.a(stm32h7xx_hal.o) (HAL_NVIC_SetPriorityGrouping)
lib/libdaisy/build/libdaisy.a(stm32h7xx_hal_dma.o)
                              lib/libdaisy/build/libdaisy.a(adc.o) (HAL_DMA_Init)
lib/libdaisy/build/libdaisy.a(stm32h7xx_hal_gpio.o)
                              lib/libdaisy/build/libdaisy.a(sdram.o) (HAL_GPIO_Init)
lib/libdaisy/build/libdaisy.a(stm32h7xx_hal_hcd.o)
                              lib/libdaisy/build/libdaisy.a(usbh_conf.o) (HAL_HCD_HC_Init)
lib/libdaisy/build/libdaisy.a(stm32h7xx_hal_i2c.o)
                              lib/libdaisy/build/libdaisy.a(i2c.o) (HAL_I2C_Init)
lib/libdaisy/build/libdaisy.a(stm32h7xx_hal_i2c_ex.o)
                              lib/libdaisy/build/libdaisy.a(i2c.o) (HAL_I2CEx_ConfigAnalogFilter)
lib/libdaisy/build/libdaisy.a(stm32h7xx_hal_pcd.o)
                              lib/libdaisy/build/libdaisy.a(usbd_conf.o) (HAL_PCD_Init)
lib/libdaisy/build/libdaisy.a(stm32h7xx_hal_pcd_ex.o)
                              lib/libdaisy/build/libdaisy.a(usbd_conf.o) (HAL_PCDEx_SetTxFiFo)
lib/libdaisy/build/libdaisy.a(stm32h7xx_hal_pwr_ex.o)
                              lib/libdaisy/build/libdaisy.a(system.o) (HAL_PWREx_ConfigSupply)
lib/libdaisy/build/libdaisy.a(stm32h7xx_hal_qspi.o)
                              lib/libdaisy/build/libdaisy.a(qspi.o) (HAL_QSPI_Init)
lib/libdaisy/build/libdaisy.a(stm32h7xx_hal_rcc.o)
                              lib/libdaisy/build/libdaisy.a(system.o) (HAL_RCC_OscConfig)
lib/libdaisy/build/libdaisy.a(stm32h7xx_hal_rcc_ex.o)
[...]
Memory Configuration

Name             Origin             Length             Attributes
FLASH            0x0000000008000000 0x0000000000020000 xr
DTCMRAM          0x0000000020000000 0x0000000000020000 xrw
SRAM             0x0000000024000000 0x0000000000080000 xrw
RAM_D2           0x0000000030000000 0x0000000000048000 xrw
RAM_D3           0x0000000038000000 0x0000000000010000 xrw
ITCMRAM          0x0000000000000000 0x0000000000010000 xrw
SDRAM            0x00000000c0000000 0x0000000004000000 xrw
QSPIFLASH        0x0000000090000000 0x0000000000800000 xr
*default*        0x0000000000000000 0xffffffffffffffff

Linker script and memory map

LOAD /Applications/ARM/bin/../lib/gcc/arm-none-eabi/10.3.1/thumb/v7e-m+dp/hard/crti.o
LOAD /Applications/ARM/bin/../lib/gcc/arm-none-eabi/10.3.1/thumb/v7e-m+dp/hard/crtbegin.o
LOAD /Applications/ARM/bin/../lib/gcc/arm-none-eabi/10.3.1/../../../../arm-none-eabi/lib/thumb/v7e-m+dp/hard/crt0.o
LOAD build/startup_stm32h750xx.o
LOAD build/main.o
LOAD lib/libdaisy/build/libdaisy.a
LOAD /Applications/ARM/bin/../lib/gcc/arm-none-eabi/10.3.1/../../../../arm-none-eabi/lib/thumb/v7e-m+dp/hard/libnosys.a
LOAD lib/DaisySP/build/libdaisysp.a
LOAD /Applications/ARM/bin/../lib/gcc/arm-none-eabi/10.3.1/../../../../arm-none-eabi/lib/thumb/v7e-m+dp/hard/libstdc++_nano.a
LOAD /Applications/ARM/bin/../lib/gcc/arm-none-eabi/10.3.1/../../../../arm-none-eabi/lib/thumb/v7e-m+dp/hard/libm.a
LOAD /Applications/ARM/bin/../lib/gcc/arm-none-eabi/10.3.1/../../../../arm-none-eabi/lib/thumb/v7e-m+dp/hard/libc_nano.a
START GROUP
LOAD /Applications/ARM/bin/../lib/gcc/arm-none-eabi/10.3.1/thumb/v7e-m+dp/hard/libgcc.a
LOAD /Applications/ARM/bin/../lib/gcc/arm-none-eabi/10.3.1/../../../../arm-none-eabi/lib/thumb/v7e-m+dp/hard/libc_nano.a
END GROUP
START GROUP
LOAD /Applications/ARM/bin/../lib/gcc/arm-none-eabi/10.3.1/thumb/v7e-m+dp/hard/libgcc.a
LOAD /Applications/ARM/bin/../lib/gcc/arm-none-eabi/10.3.1/../../../../arm-none-eabi/lib/thumb/v7e-m+dp/hard/libc_nano.a
LOAD /Applications/ARM/bin/../lib/gcc/arm-none-eabi/10.3.1/../../../../arm-none-eabi/lib/thumb/v7e-m+dp/hard/libnosys.a
END GROUP
START GROUP
LOAD /Applications/ARM/bin/../lib/gcc/arm-none-eabi/10.3.1/thumb/v7e-m+dp/hard/libgcc.a
LOAD /Applications/ARM/bin/../lib/gcc/arm-none-eabi/10.3.1/../../../../arm-none-eabi/lib/thumb/v7e-m+dp/hard/libc_nano.a
LOAD /Applications/ARM/bin/../lib/gcc/arm-none-eabi/10.3.1/../../../../arm-none-eabi/lib/thumb/v7e-m+dp/hard/libnosys.a
END GROUP
LOAD /Applications/ARM/bin/../lib/gcc/arm-none-eabi/10.3.1/thumb/v7e-m+dp/hard/crtend.o
LOAD /Applications/ARM/bin/../lib/gcc/arm-none-eabi/10.3.1/thumb/v7e-m+dp/hard/crtn.o
                0x0000000020020000                _estack = 0x20020000

.isr_vector     0x0000000008000000      0x298
                0x0000000008000000                . = ALIGN (0x4)
 *(.isr_vector)
 .isr_vector    0x0000000008000000      0x298 build/startup_stm32h750xx.o
                0x0000000008000000                g_pfnVectors
                0x0000000008000298                . = ALIGN (0x4)

.text           0x0000000008000298    0x15710
                0x0000000008000298                . = ALIGN (0x4)
                0x0000000008000298                _stext = .
 *(.text)
 .text          0x0000000008000298       0x40 /Applications/ARM/bin/../lib/gcc/arm-none-eabi/10.3.1/thumb/v7e-m+dp/hard/crtbegin.o
 .text          0x00000000080002d8       0x14 /Applications/ARM/bin/../lib/gcc/arm-none-eabi/10.3.1/../../../../arm-none-eabi/lib/thumb/v7e-m+dp/hard/libc_nano.a(lib_a-strcmp.o)
                0x00000000080002d8                strcmp
 .text          0x00000000080002ec      0x378 /Applications/ARM/bin/../lib/gcc/arm-none-eabi/10.3.1/thumb/v7e-m+dp/hard/libgcc.a(_arm_addsubdf3.o)
                0x00000000080002ec                __aeabi_drsub
                0x00000000080002f4                __subdf3
                0x00000000080002f4                __aeabi_dsub
                0x00000000080002f8                __aeabi_dadd
                0x00000000080002f8                __adddf3
                0x0000000008000570                __aeabi_ui2d
                0x0000000008000570                __floatunsidf
                0x0000000008000590                __floatsidf
                0x0000000008000590                __aeabi_i2d
                0x00000000080005b4                __extendsfdf2
                0x00000000080005b4                __aeabi_f2d
                0x00000000080005f8                __aeabi_ul2d
                0x00000000080005f8                __floatundidf
                0x0000000008000608                __aeabi_l2d
                0x0000000008000608                __floatdidf
 .text          0x0000000008000664       0x30 /Applications/ARM/bin/../lib/gcc/arm-none-eabi/10.3.1/thumb/v7e-m+dp/hard/libgcc.a(_aeabi_uldivmod.o)
                0x0000000008000664                __aeabi_uldivmod
 .text          0x0000000008000694      0x2d0 /Applications/ARM/bin/../lib/gcc/arm-none-eabi/10.3.1/thumb/v7e-m+dp/hard/libgcc.a(_udivmoddi4.o)
                0x0000000008000694                __udivmoddi4
 .text          0x0000000008000964        0x4 /Applications/ARM/bin/../lib/gcc/arm-none-eabi/10.3.1/thumb/v7e-m+dp/hard/libgcc.a(_dvmd_tls.o)
                0x0000000008000964                __aeabi_ldiv0
                0x0000000008000964                __aeabi_idiv0
 *(.text*)
 .text.Default_Handler
                0x0000000008000968        0x4 build/startup_stm32h750xx.o
                0x0000000008000968                SAI1_IRQHandler
                0x0000000008000968                HASH_RNG_IRQHandler
                0x0000000008000968                EXTI2_IRQHandler
                0x0000000008000968                TIM8_CC_IRQHandler
                0x0000000008000968                HRTIM1_Master_IRQHandler
                0x0000000008000968                DebugMon_Handler
                0x0000000008000968                SPI4_IRQHandler
                0x0000000008000968                TIM1_CC_IRQHandler
                0x0000000008000968                BDMA_Channel6_IRQHandler
                0x0000000008000968                DMA2_Stream5_IRQHandler
                0x0000000008000968                HRTIM1_FLT_IRQHandler
                0x0000000008000968                JPEG_IRQHandler
                0x0000000008000968                BDMA_Channel1_IRQHandler
                0x0000000008000968                HRTIM1_TIMD_IRQHandler
                0x0000000008000968                TAMP_STAMP_IRQHandler
                0x0000000008000968                PendSV_Handler
                0x0000000008000968                NMI_Handler
                0x0000000008000968                EXTI3_IRQHandler
                0x0000000008000968                LPTIM4_IRQHandler
                0x0000000008000968                TIM8_TRG_COM_TIM14_IRQHandler
                0x0000000008000968                LPTIM2_IRQHandler
                0x0000000008000968                DFSDM1_FLT1_IRQHandler
                0x0000000008000968                DMAMUX2_OVR_IRQHandler
                0x0000000008000968                TIM8_UP_TIM13_IRQHandler
                0x0000000008000968                I2C3_ER_IRQHandler
                0x0000000008000968                DFSDM1_FLT2_IRQHandler
                0x0000000008000968                MDMA_IRQHandler
                0x0000000008000968                LPTIM3_IRQHandler
                0x0000000008000968                HSEM1_IRQHandler
                0x0000000008000968                EXTI0_IRQHandler
                0x0000000008000968                FPU_IRQHandler
                0x0000000008000968                OTG_HS_WKUP_IRQHandler
                0x0000000008000968                FDCAN1_IT1_IRQHandler
                0x0000000008000968                UsageFault_Handler
                0x0000000008000968                LTDC_ER_IRQHandler
                0x0000000008000968                DMA2_Stream2_IRQHandler
                0x0000000008000968                HRTIM1_TIME_IRQHandler
                0x0000000008000968                TIM6_DAC_IRQHandler
                0x0000000008000968                DCMI_IRQHandler
                0x0000000008000968                HRTIM1_TIMC_IRQHandler
                0x0000000008000968                DMA2_Stream3_IRQHandler
                0x0000000008000968                SAI2_IRQHandler
                0x0000000008000968                DFSDM1_FLT3_IRQHandler
                0x0000000008000968                TIM17_IRQHandler
                0x0000000008000968                CRYP_IRQHandler
                0x0000000008000968                BDMA_Channel7_IRQHandler
                0x0000000008000968                LPTIM5_IRQHandler
                0x0000000008000968                ADC3_IRQHandler
                0x0000000008000968                DMA2_Stream0_IRQHandler
                0x0000000008000968                TIM4_IRQHandler
                0x0000000008000968                BDMA_Channel2_IRQHandler
                0x0000000008000968                DMAMUX1_OVR_IRQHandler
                0x0000000008000968                TIM16_IRQHandler
                0x0000000008000968                BDMA_Channel5_IRQHandler
                0x0000000008000968                TIM3_IRQHandler
                0x0000000008000968                RCC_IRQHandler
                0x0000000008000968                TIM8_BRK_TIM12_IRQHandler
                0x0000000008000968                TIM1_TRG_COM_IRQHandler
                0x0000000008000968                Default_Handler
                0x0000000008000968                ECC_IRQHandler
                0x0000000008000968                CEC_IRQHandler
                0x0000000008000968                EXTI15_10_IRQHandler
                0x0000000008000968                BDMA_Channel0_IRQHandler
                0x0000000008000968                ADC_IRQHandler
                0x0000000008000968                HRTIM1_TIMA_IRQHandler
                0x0000000008000968                SPI5_IRQHandler
                0x0000000008000968                TIM7_IRQHandler
                0x0000000008000968                SDMMC1_IRQHandler
                0x0000000008000968                TIM5_IRQHandler
                0x0000000008000968                DMA2_Stream7_IRQHandler
                0x0000000008000968                TIM15_IRQHandler
                0x0000000008000968                PVD_AVD_IRQHandler
                0x0000000008000968                EXTI9_5_IRQHandler
                0x0000000008000968                RTC_WKUP_IRQHandler
                0x0000000008000968                LTDC_IRQHandler
                0x0000000008000968                SAI3_IRQHandler
                0x0000000008000968                ETH_WKUP_IRQHandler
                0x0000000008000968                SPDIF_RX_IRQHandler
                0x0000000008000968                SPI2_IRQHandler
                0x0000000008000968                MemManage_Handler
                0x0000000008000968                SVC_Handler
                0x0000000008000968                CRS_IRQHandler
                0x0000000008000968                EXTI4_IRQHandler
                0x0000000008000968                HRTIM1_TIMB_IRQHandler
                0x0000000008000968                FDCAN2_IT1_IRQHandler
                0x0000000008000968                ETH_IRQHandler
                0x0000000008000968                TIM1_UP_IRQHandler
                0x0000000008000968                BDMA_Channel4_IRQHandler
                0x0000000008000968                WWDG_IRQHandler
                0x0000000008000968                SPI6_IRQHandler
                0x0000000008000968                I2C4_EV_IRQHandler
                0x0000000008000968                MDIOS_IRQHandler
                0x0000000008000968                FDCAN2_IT0_IRQHandler
                0x0000000008000968                FDCAN1_IT0_IRQHandler
                0x0000000008000968                TIM2_IRQHandler
                0x0000000008000968                OTG_FS_WKUP_IRQHandler
                0x0000000008000968                DMA2D_IRQHandler
                0x0000000008000968                TIM1_BRK_IRQHandler
                0x0000000008000968                EXTI1_IRQHandler
                0x0000000008000968                SDMMC2_IRQHandler
                0x0000000008000968                OTG_FS_EP1_OUT_IRQHandler
                0x0000000008000968                BDMA_Channel3_IRQHandler
                0x0000000008000968                MDIOS_WKUP_IRQHandler
                0x0000000008000968                DFSDM1_FLT0_IRQHandler
                0x0000000008000968                SAI4_IRQHandler
                0x0000000008000968                I2C2_ER_IRQHandler
                0x0000000008000968                DMA2_Stream1_IRQHandler
                0x0000000008000968                FLASH_IRQHandler
                0x0000000008000968                DMA2_Stream4_IRQHandler
                0x0000000008000968                BusFault_Handler
                0x0000000008000968                OTG_FS_IRQHandler
                0x0000000008000968                SPI3_IRQHandler
                0x0000000008000968                WAKEUP_PIN_IRQHandler
                0x0000000008000968                OTG_FS_EP1_IN_IRQHandler
                0x0000000008000968                I2C1_ER_IRQHandler
                0x0000000008000968                FMC_IRQHandler
                0x0000000008000968                FDCAN_CAL_IRQHandler
                0x0000000008000968                SWPMI1_IRQHandler
                0x0000000008000968                COMP1_IRQHandler
                0x0000000008000968                LPTIM1_IRQHandler
                0x0000000008000968                I2C4_ER_IRQHandler
                0x0000000008000968                DMA2_Stream6_IRQHandler
                0x0000000008000968                RTC_Alarm_IRQHandler
 .text.Reset_Handler
                0x000000000800096c       0x44 build/startup_stm32h750xx.o
                0x000000000800096c                Reset_Handler
 .text._ZN7daisysp3SvfD2Ev
                0x00000000080009b0        0x4 build/main.o
                0x00000000080009b0                daisysp::Svf::~Svf()
                0x00000000080009b0                daisysp::Svf::~Svf()
 .text._ZN5daisy3LedD2Ev
                0x00000000080009b4        0x4 build/main.o
                0x00000000080009b4                daisy::Led::~Led()
                0x00000000080009b4                daisy::Led::~Led()
 .text._ZN5daisy9DaisySeedD2Ev
                0x00000000080009b8        0x4 build/main.o
                0x00000000080009b8                daisy::DaisySeed::~DaisySeed()
                0x00000000080009b8                daisy::DaisySeed::~DaisySeed()
 .text._ZN3LFO8sawtoothEv
                0x00000000080009bc       0x18 build/main.o
                0x00000000080009bc                LFO::sawtooth()
 .text._ZN3LFO6squareEv
                0x00000000080009d4       0x28 build/main.o
                0x00000000080009d4                LFO::square()
 *fill*         0x00000000080009fc        0x4 
 .text._ZN3LFO8triangleEv
                0x0000000008000a00       0x40 build/main.o
                0x0000000008000a00                LFO::triangle()
 .text.__tcf_0  0x0000000008000a40       0x24 build/main.o
 .text._ZNSt17_Function_handlerIFvfEZ9apply_lfovEUlfE_E9_M_invokeERKSt9_Any_dataOf
                0x0000000008000a64       0x1c build/main.o
 .text._ZNSt17_Function_handlerIFvfEZ9apply_lfovEUlfE0_E9_M_invokeERKSt9_Any_dataOf
                0x0000000008000a80       0x1c build/main.o
 .text._ZNSt17_Function_handlerIFvfEZ9apply_lfovEUlfE1_E9_M_invokeERKSt9_Any_dataOf
                0x0000000008000a9c        0xc build/main.o
 .text.__tcf_1  0x0000000008000aa8        0x4 build/main.o
 .text._ZN5daisy11MidiHandlerINS_17MidiUartTransportEED2Ev
                0x0000000008000aac        0x4 build/main.o
                0x0000000008000aac                daisy::MidiHandler<daisy::MidiUartTransport>::~MidiHandler()
                0x0000000008000aac                daisy::MidiHandler<daisy::MidiUartTransport>::~MidiHandler()
 .text._ZN7daisysp9DelayLineIfLj44100EED2Ev
                0x0000000008000ab0        0x4 build/main.o
                0x0000000008000ab0                daisysp::DelayLine<float, 44100u>::~DelayLine()
                0x0000000008000ab0                daisysp::DelayLine<float, 44100u>::~DelayLine()
 .text._ZN3LFO4sineEv
                0x0000000008000ab4       0x10 build/main.o
                0x0000000008000ab4                LFO::sine()
 .text._ZNSt6vectorI15SculptParameterSaIS0_EED2Ev
                0x0000000008000ac4       0x14 build/main.o
                0x0000000008000ac4                std::vector<SculptParameter, std::allocator<SculptParameter> >::~vector()
                0x0000000008000ac4                std::vector<SculptParameter, std::allocator<SculptParameter> >::~vector()
 .text._ZNSt17_Function_handlerIFvfEZ9apply_lfovEUlfE1_E10_M_managerERSt9_Any_dataRKS3_St18_Manager_operation
                0x0000000008000ad8       0x18 build/main.o
 .text._ZNSt17_Function_handlerIFvfEZ9apply_lfovEUlfE0_E10_M_managerERSt9_Any_dataRKS3_St18_Manager_operation
                0x0000000008000af0       0x18 build/main.o
 .text._ZNSt17_Function_handlerIFvfEZ9apply_lfovEUlfE_E10_M_managerERSt9_Any_dataRKS3_St18_Manager_operation
                0x0000000008000b08       0x18 build/main.o
 .text._ZNSt6vectorIfSaIfEEaSERKS1_.isra.0
                0x0000000008000b20       0xc0 build/main.o
 .text._ZN12VoiceManagerILj7EED2Ev
                0x0000000008000be0       0x4c build/main.o
                0x0000000008000be0                VoiceManager<7u>::~VoiceManager()
                0x0000000008000be0                VoiceManager<7u>::~VoiceManager()
 .text._ZN6FreezeD2Ev
                0x0000000008000c2c       0x14 build/main.o
                0x0000000008000c2c                Freeze::~Freeze()
                0x0000000008000c2c                Freeze::~Freeze()
 .text._ZN16SculptParameters4initEv
                0x0000000008000c40      0xc28 build/main.o
                0x0000000008000c40                SculptParameters::init()
 .text._Z9apply_lfov
                0x0000000008001868      0x1e8 build/main.o
                0x0000000008001868                apply_lfo()
 .text._Z17update_parametersv
                0x0000000008001a50      0xdc8 build/main.o
                0x0000000008001a50                update_parameters()
 .text._Z14audio_callbackPKPKfPPfj
                0x0000000008002818      0x61c build/main.o
                0x0000000008002818                audio_callback(float const* const*, float**, unsigned int)
 .text._Z17HandleMidiMessageN5daisy9MidiEventE
                0x0000000008002e34      0x1bc build/main.o
                0x0000000008002e34                HandleMidiMessage(daisy::MidiEvent)
 .text.startup.main
                0x0000000008002ff0      0x5e0 build/main.o
                0x0000000008002ff0                main
 .text._ZNSt6vectorIS_IfSaIfEESaIS1_EE14_M_fill_insertEN9__gnu_cxx17__normal_iteratorIPS1_S3_EEjRKS1_
                0x00000000080035d0      0x410 build/main.o
                0x00000000080035d0                std::vector<std::vector<float, std::allocator<float> >, std::allocator<std::vector<float, std::allocator<float> > > >::_M_fill_insert(__gnu_cxx::__normal_iterator<std::vector<float, std::allocator<float> >*, std::vector<std::vector<float, std::allocator<float> >, std::allocator<std::vector<float, std::allocator<float> > > > >, unsigned int, std::vector<float, std::allocator<float> > const&)
 .text._ZN11ShapeFilterC2Ev
                0x00000000080039e0      0x288 build/main.o
                0x00000000080039e0                ShapeFilter::ShapeFilter()
                0x00000000080039e0                ShapeFilter::ShapeFilter()
 .text._ZNSt6vectorIfSaIfEE17_M_default_appendEj
                0x0000000008003c68       0xd0 build/main.o
                0x0000000008003c68                std::vector<float, std::allocator<float> >::_M_default_append(unsigned int)
 .text.startup._GLOBAL__sub_I_sculpt_parameters
                0x0000000008003d38      0x1a0 build/main.o
 .text._ZN5daisy9DaisySeed9ConfigureEv
                0x0000000008003ed8        0x4 lib/libdaisy/build/libdaisy.a(daisy_seed.o)
                0x0000000008003ed8                daisy::DaisySeed::Configure()
 .text._ZN5daisy9DaisySeed6GetPinEh
                0x0000000008003edc       0x2c lib/libdaisy/build/libdaisy.a(daisy_seed.o)
                0x0000000008003edc                daisy::DaisySeed::GetPin(unsigned char)
 .text._ZN5daisy9DaisySeed10StartAudioEPFvPKPKfPPfjE
                0x0000000008003f08        0x8 lib/libdaisy/build/libdaisy.a(daisy_seed.o)
                0x0000000008003f08                daisy::DaisySeed::StartAudio(void (*)(float const* const*, float**, unsigned int))
 .text._ZN5daisy9DaisySeed15AudioSampleRateEv
                0x0000000008003f10        0x8 lib/libdaisy/build/libdaisy.a(daisy_seed.o)
                0x0000000008003f10                daisy::DaisySeed::AudioSampleRate()
 .text._ZN5daisy9DaisySeed17SetAudioBlockSizeEj
                0x0000000008003f18       0x38 lib/libdaisy/build/libdaisy.a(daisy_seed.o)
                0x0000000008003f18                daisy::DaisySeed::SetAudioBlockSize(unsigned int)
 .text._ZN5daisy9DaisySeed14ConfigureAudioEv
                0x0000000008003f50       0xd0 lib/libdaisy/build/libdaisy.a(daisy_seed.o)
                0x0000000008003f50                daisy::DaisySeed::ConfigureAudio()
 .text._ZN5daisy9DaisySeed4InitEb
                0x0000000008004020       0xf0 lib/libdaisy/build/libdaisy.a(daisy_seed.o)
                0x0000000008004020                daisy::DaisySeed::Init(bool)
 .text._ZN5daisy6Ak45564InitE12dsy_gpio_pin
                0x0000000008004110       0x44 lib/libdaisy/build/libdaisy.a(codec_ak4556.o)
                0x0000000008004110                daisy::Ak4556::Init(dsy_gpio_pin)
 .text._ZN5daisy6Wm873120WriteControlRegisterEht
                0x0000000008004154       0x3c lib/libdaisy/build/libdaisy.a(codec_wm8731.o)
                0x0000000008004154                daisy::Wm8731::WriteControlRegister(unsigned char, unsigned short)
 .text._ZN5daisy6Wm87314InitERKNS0_6ConfigENS_9I2CHandleE
                0x0000000008004190      0x1bc lib/libdaisy/build/libdaisy.a(codec_wm8731.o)
                0x0000000008004190                daisy::Wm8731::Init(daisy::Wm8731::Config const&, daisy::I2CHandle)
 .text._ZN11SdramHandle10DeviceInitEv
                0x000000000800434c       0x98 lib/libdaisy/build/libdaisy.a(sdram.o)
                0x000000000800434c                SdramHandle::DeviceInit()
 .text._ZN11SdramHandle4InitEv
                0x00000000080043e4       0x7c lib/libdaisy/build/libdaisy.a(sdram.o)
                0x00000000080043e4                SdramHandle::Init()
 .text.HAL_SDRAM_MspInit
                0x0000000008004460      0x1a8 lib/libdaisy/build/libdaisy.a(sdram.o)
                0x0000000008004460                HAL_SDRAM_MspInit
 .text._ZN5daisy11AudioHandle4Impl16InternalCallbackEPlS2_j
                0x0000000008004608      0xbbc lib/libdaisy/build/libdaisy.a(audio.o)
                0x0000000008004608                daisy::AudioHandle::Impl::InternalCallback(long*, long*, unsigned int)
 .text._ZN5daisy11AudioHandle4InitERKNS0_6ConfigENS_9SaiHandleE
                0x00000000080051c4       0x64 lib/libdaisy/build/libdaisy.a(audio.o)
                0x00000000080051c4                daisy::AudioHandle::Init(daisy::AudioHandle::Config const&, daisy::SaiHandle)
 .text._ZNK5daisy11AudioHandle9GetConfigEv
                0x0000000008005228        0x8 lib/libdaisy/build/libdaisy.a(audio.o)
                0x0000000008005228                daisy::AudioHandle::GetConfig() const
 .text._ZN5daisy11AudioHandle12SetBlockSizeEj
                0x0000000008005230       0x1c lib/libdaisy/build/libdaisy.a(audio.o)
                0x0000000008005230                daisy::AudioHandle::SetBlockSize(unsigned int)
 .text._ZN5daisy11AudioHandle13GetSampleRateEv
                0x000000000800524c        0x8 lib/libdaisy/build/libdaisy.a(audio.o)
                0x000000000800524c                daisy::AudioHandle::GetSampleRate()
 .text._ZN5daisy11AudioHandle5StartEPFvPKPKfPPfjE
                0x0000000008005254       0x44 lib/libdaisy/build/libdaisy.a(audio.o)
                0x0000000008005254                daisy::AudioHandle::Start(void (*)(float const* const*, float**, unsigned int))
 .text.startup._GLOBAL__sub_I__ZN5daisy11AudioHandle4Impl4InitENS0_6ConfigENS_9SaiHandleE
                0x0000000008005298       0x10 lib/libdaisy/build/libdaisy.a(audio.o)
 .text._ZN5daisy13AnalogControl4InitEPtfbbf
                0x00000000080052a8       0x3c lib/libdaisy/build/libdaisy.a(ctrl.o)
                0x00000000080052a8                daisy::AnalogControl::Init(unsigned short*, float, bool, bool, float)
 .text._ZN5daisy13AnalogControl7ProcessEv
                0x00000000080052e4       0x48 lib/libdaisy/build/libdaisy.a(ctrl.o)
                0x00000000080052e4                daisy::AnalogControl::Process()
 .text._ZN5daisy3Led4InitE12dsy_gpio_pinbf
                0x000000000800532c       0x48 lib/libdaisy/build/libdaisy.a(led.o)
                0x000000000800532c                daisy::Led::Init(dsy_gpio_pin, bool, float)
 .text._ZN5daisy3Led3SetEf
                0x0000000008005374       0x24 lib/libdaisy/build/libdaisy.a(led.o)
                0x0000000008005374                daisy::Led::Set(float)
 .text._ZN5daisy3Led6UpdateEv
                0x0000000008005398       0x48 lib/libdaisy/build/libdaisy.a(led.o)
                0x0000000008005398                daisy::Led::Update()
 .text._ZN5daisy9Parameter4InitENS_13AnalogControlEffNS0_5CurveE
                0x00000000080053e0       0x60 lib/libdaisy/build/libdaisy.a(parameter.o)
                0x00000000080053e0                daisy::Parameter::Init(daisy::AnalogControl, float, float, daisy::Parameter::Curve)
 .text._ZN5daisy9Parameter7ProcessEf
                0x0000000008005440       0x94 lib/libdaisy/build/libdaisy.a(parameter.o)
                0x0000000008005440                daisy::Parameter::Process(float)
 .text._ZN5daisy16AdcChannelConfig10InitSingleE12dsy_gpio_pin
                0x00000000080054d4       0x1c lib/libdaisy/build/libdaisy.a(adc.o)
                0x00000000080054d4                daisy::AdcChannelConfig::InitSingle(dsy_gpio_pin)
 .text._ZN5daisy9AdcHandle4InitEPNS_16AdcChannelConfigEjNS0_12OverSamplingE
                0x00000000080054f0      0x3c8 lib/libdaisy/build/libdaisy.a(adc.o)
                0x00000000080054f0                daisy::AdcHandle::Init(daisy::AdcChannelConfig*, unsigned int, daisy::AdcHandle::OverSampling)
 .text._ZN5daisy9AdcHandle5StartEv
                0x00000000080058b8       0x2c lib/libdaisy/build/libdaisy.a(adc.o)
                0x00000000080058b8                daisy::AdcHandle::Start()
 .text._ZNK5daisy9AdcHandle6GetPtrEh
                0x00000000080058e4       0x14 lib/libdaisy/build/libdaisy.a(adc.o)
                0x00000000080058e4                daisy::AdcHandle::GetPtr(unsigned char) const
 .text.HAL_ADC_MspInit
                0x00000000080058f8       0x98 lib/libdaisy/build/libdaisy.a(adc.o)
                0x00000000080058f8                HAL_ADC_MspInit
 .text.DMA1_Stream2_IRQHandler
                0x0000000008005990        0xc lib/libdaisy/build/libdaisy.a(adc.o)
                0x0000000008005990                DMA1_Stream2_IRQHandler
 .text.HAL_ADC_ConvCpltCallback
                0x000000000800599c      0x148 lib/libdaisy/build/libdaisy.a(adc.o)
                0x000000000800599c                HAL_ADC_ConvCpltCallback
 .text.HAL_ADC_ErrorCallback
                0x0000000008005ae4        0x4 lib/libdaisy/build/libdaisy.a(adc.o)
                0x0000000008005ae4                HAL_ADC_ErrorCallback
 .text.dsy_gpio_init
                0x0000000008005ae8      0x1b8 lib/libdaisy/build/libdaisy.a(gpio.o)
                0x0000000008005ae8                dsy_gpio_init
 .text.dsy_gpio_read
                0x0000000008005ca0       0x1c lib/libdaisy/build/libdaisy.a(gpio.o)
                0x0000000008005ca0                dsy_gpio_read
 .text.dsy_gpio_write
                0x0000000008005cbc       0x24 lib/libdaisy/build/libdaisy.a(gpio.o)
                0x0000000008005cbc                dsy_gpio_write
 .text._ZN5daisy9I2CHandle4Impl8InitPinsEv
                0x0000000008005ce0       0x58 lib/libdaisy/build/libdaisy.a(i2c.o)
                0x0000000008005ce0                daisy::I2CHandle::Impl::InitPins()
 .text.HAL_I2C_MspInit
                0x0000000008005d38      0x1b4 lib/libdaisy/build/libdaisy.a(i2c.o)
                0x0000000008005d38                HAL_I2C_MspInit
 .text.dsy_i2c_global_init
                0x0000000008005eec       0x78 lib/libdaisy/build/libdaisy.a(i2c.o)
                0x0000000008005eec                dsy_i2c_global_init
 .text.DMA1_Stream6_IRQHandler
                0x0000000008005f64       0x34 lib/libdaisy/build/libdaisy.a(i2c.o)
                0x0000000008005f64                DMA1_Stream6_IRQHandler
 .text.I2C1_EV_IRQHandler
                0x0000000008005f98        0xc lib/libdaisy/build/libdaisy.a(i2c.o)
                0x0000000008005f98                I2C1_EV_IRQHandler
 .text.I2C2_EV_IRQHandler
                0x0000000008005fa4        0xc lib/libdaisy/build/libdaisy.a(i2c.o)
                0x0000000008005fa4                I2C2_EV_IRQHandler
 .text.I2C3_EV_IRQHandler
                0x0000000008005fb0        0xc lib/libdaisy/build/libdaisy.a(i2c.o)
                0x0000000008005fb0                I2C3_EV_IRQHandler
 .text._ZN5daisy9I2CHandle4InitERKNS0_6ConfigE
                0x0000000008005fbc      0x12c lib/libdaisy/build/libdaisy.a(i2c.o)
                0x0000000008005fbc                daisy::I2CHandle::Init(daisy::I2CHandle::Config const&)
 .text._ZN5daisy9I2CHandle16TransmitBlockingEtPhtm
                0x00000000080060e8       0x50 lib/libdaisy/build/libdaisy.a(i2c.o)
                0x00000000080060e8                daisy::I2CHandle::TransmitBlocking(unsigned short, unsigned char*, unsigned short, unsigned long)
 .text.startup._GLOBAL__sub_I__ZN5daisy9I2CHandle4Impl10GlobalInitEv
                0x0000000008006138       0x18 lib/libdaisy/build/libdaisy.a(i2c.o)
 .text._ZN5daisy10QSPIHandle4Impl11WriteEnableEv
                0x0000000008006150       0x8c lib/libdaisy/build/libdaisy.a(qspi.o)
                0x0000000008006150                daisy::QSPIHandle::Impl::WriteEnable()
 *fill*         0x00000000080061dc        0x4 
 .text._ZN5daisy10QSPIHandle4Impl17DummyCyclesConfigENS0_6Config6DeviceE
                0x00000000080061e0      0x118 lib/libdaisy/build/libdaisy.a(qspi.o)
                0x00000000080061e0                daisy::QSPIHandle::Impl::DummyCyclesConfig(daisy::QSPIHandle::Config::Device)
 .text._ZN5daisy10QSPIHandle4Impl10QuadEnableEv
                0x00000000080062f8      0x158 lib/libdaisy/build/libdaisy.a(qspi.o)
                0x00000000080062f8                daisy::QSPIHandle::Impl::QuadEnable()
 .text._ZN5daisy10QSPIHandle4InitERKNS0_6ConfigE
                0x0000000008006450      0x198 lib/libdaisy/build/libdaisy.a(qspi.o)
                0x0000000008006450                daisy::QSPIHandle::Init(daisy::QSPIHandle::Config const&)
 .text.HAL_QSPI_MspInit
                0x00000000080065e8      0x11c lib/libdaisy/build/libdaisy.a(qspi.o)
                0x00000000080065e8                HAL_QSPI_MspInit
 .text.HAL_QSPI_MspDeInit
                0x0000000008006704       0x54 lib/libdaisy/build/libdaisy.a(qspi.o)
                0x0000000008006704                HAL_QSPI_MspDeInit
 .text.QUADSPI_IRQHandler
                0x0000000008006758        0xc lib/libdaisy/build/libdaisy.a(qspi.o)
                0x0000000008006758                QUADSPI_IRQHandler
 .text.startup._GLOBAL__sub_I__ZN5daisy10QSPIHandle4Impl4InitERKNS0_6ConfigE
                0x0000000008006764       0x28 lib/libdaisy/build/libdaisy.a(qspi.o)
 .text._ZN5daisy9SaiHandle4Impl7InitDmaENS1_15PeripheralBlockE
                0x000000000800678c       0xa0 lib/libdaisy/build/libdaisy.a(sai.o)
                0x000000000800678c                daisy::SaiHandle::Impl::InitDma(daisy::SaiHandle::Impl::PeripheralBlock)
 .text._ZN5daisy9SaiHandle4Impl8InitPinsEv
                0x000000000800682c       0xa8 lib/libdaisy/build/libdaisy.a(sai.o)
                0x000000000800682c                daisy::SaiHandle::Impl::InitPins()
 .text.HAL_SAI_MspInit
                0x00000000080068d4      0x164 lib/libdaisy/build/libdaisy.a(sai.o)
                0x00000000080068d4                HAL_SAI_MspInit
 .text.DMA1_Stream0_IRQHandler
                0x0000000008006a38        0xc lib/libdaisy/build/libdaisy.a(sai.o)
                0x0000000008006a38                DMA1_Stream0_IRQHandler
 .text.DMA1_Stream1_IRQHandler
                0x0000000008006a44        0xc lib/libdaisy/build/libdaisy.a(sai.o)
                0x0000000008006a44                DMA1_Stream1_IRQHandler
 .text.DMA1_Stream3_IRQHandler
                0x0000000008006a50        0xc lib/libdaisy/build/libdaisy.a(sai.o)
                0x0000000008006a50                DMA1_Stream3_IRQHandler
 .text.DMA1_Stream4_IRQHandler
                0x0000000008006a5c        0xc lib/libdaisy/build/libdaisy.a(sai.o)
                0x0000000008006a5c                DMA1_Stream4_IRQHandler
 .text.HAL_SAI_RxHalfCpltCallback
                0x0000000008006a68       0x78 lib/libdaisy/build/libdaisy.a(sai.o)
                0x0000000008006a68                HAL_SAI_RxHalfCpltCallback
 .text.HAL_SAI_RxCpltCallback
                0x0000000008006ae0       0x70 lib/libdaisy/build/libdaisy.a(sai.o)
                0x0000000008006ae0                HAL_SAI_RxCpltCallback
 .text._ZN5daisy9SaiHandle4InitERKNS0_6ConfigE
                0x0000000008006b50      0x1f0 lib/libdaisy/build/libdaisy.a(sai.o)
                0x0000000008006b50                daisy::SaiHandle::Init(daisy::SaiHandle::Config const&)
 .text._ZNK5daisy9SaiHandle9GetConfigEv
                0x0000000008006d40        0x4 lib/libdaisy/build/libdaisy.a(sai.o)
                0x0000000008006d40                daisy::SaiHandle::GetConfig() const
 .text._ZN5daisy9SaiHandle8StartDmaEPlS1_jPFvS1_S1_jE
                0x0000000008006d44       0xbc lib/libdaisy/build/libdaisy.a(sai.o)
                0x0000000008006d44                daisy::SaiHandle::StartDma(long*, long*, unsigned int, void (*)(long*, long*, unsigned int))
 .text._ZN5daisy9SaiHandle13GetSampleRateEv
                0x0000000008006e00       0x24 lib/libdaisy/build/libdaisy.a(sai.o)
                0x0000000008006e00                daisy::SaiHandle::GetSampleRate()
 .text._ZNK5daisy9SaiHandle9GetOffsetEv
                0x0000000008006e24        0x8 lib/libdaisy/build/libdaisy.a(sai.o)
                0x0000000008006e24                daisy::SaiHandle::GetOffset() const
 .text._ZN5daisy11UartHandler4Impl8InitPinsEv
                0x0000000008006e2c      0x15c lib/libdaisy/build/libdaisy.a(uart.o)
                0x0000000008006e2c                daisy::UartHandler::Impl::InitPins()
 .text._ZN5daisy11UartHandler4Impl14UARTRxCompleteEv
                0x0000000008006f88       0xfc lib/libdaisy/build/libdaisy.a(uart.o)
                0x0000000008006f88                daisy::UartHandler::Impl::UARTRxComplete()
 .text.HAL_UART_RxCpltCallback
                0x0000000008007084       0x90 lib/libdaisy/build/libdaisy.a(uart.o)
                0x0000000008007084                HAL_UART_RxCpltCallback
 .text.HAL_UART_ErrorCallback
                0x0000000008007114       0x94 lib/libdaisy/build/libdaisy.a(uart.o)
                0x0000000008007114                HAL_UART_ErrorCallback
 .text.HAL_UART_MspInit
                0x00000000080071a8      0x28c lib/libdaisy/build/libdaisy.a(uart.o)
                0x00000000080071a8                HAL_UART_MspInit
 .text.USART1_IRQHandler
                0x0000000008007434       0xa8 lib/libdaisy/build/libdaisy.a(uart.o)
                0x0000000008007434                USART1_IRQHandler
 .text.USART2_IRQHandler
                0x00000000080074dc       0xac lib/libdaisy/build/libdaisy.a(uart.o)
                0x00000000080074dc                USART2_IRQHandler
 .text.USART3_IRQHandler
                0x0000000008007588       0xac lib/libdaisy/build/libdaisy.a(uart.o)
                0x0000000008007588                USART3_IRQHandler
 .text.UART4_IRQHandler
                0x0000000008007634       0xac lib/libdaisy/build/libdaisy.a(uart.o)
                0x0000000008007634                UART4_IRQHandler
 .text.UART5_IRQHandler
                0x00000000080076e0       0xac lib/libdaisy/build/libdaisy.a(uart.o)
                0x00000000080076e0                UART5_IRQHandler
 .text.USART6_IRQHandler
                0x000000000800778c       0xac lib/libdaisy/build/libdaisy.a(uart.o)
                0x000000000800778c                USART6_IRQHandler
 .text.UART7_IRQHandler
                0x0000000008007838       0xac lib/libdaisy/build/libdaisy.a(uart.o)
                0x0000000008007838                UART7_IRQHandler
 .text.UART8_IRQHandler
                0x00000000080078e4       0xac lib/libdaisy/build/libdaisy.a(uart.o)
                0x00000000080078e4                UART8_IRQHandler
 .text.LPUART1_IRQHandler
                0x0000000008007990       0xb4 lib/libdaisy/build/libdaisy.a(uart.o)
                0x0000000008007990                LPUART1_IRQHandler
 .text.DMA1_Stream5_IRQHandler
                0x0000000008007a44        0xc lib/libdaisy/build/libdaisy.a(uart.o)
                0x0000000008007a44                DMA1_Stream5_IRQHandler
 .text._ZN5daisy11UartHandler4InitERKNS0_6ConfigE
                0x0000000008007a50      0x104 lib/libdaisy/build/libdaisy.a(uart.o)
                0x0000000008007a50                daisy::UartHandler::Init(daisy::UartHandler::Config const&)
 .text._ZN5daisy11UartHandler7StartRxEv
                0x0000000008007b54       0x28 lib/libdaisy/build/libdaisy.a(uart.o)
                0x0000000008007b54                daisy::UartHandler::StartRx()
 .text._ZN5daisy11UartHandler8RxActiveEv
                0x0000000008007b7c        0x8 lib/libdaisy/build/libdaisy.a(uart.o)
                0x0000000008007b7c                daisy::UartHandler::RxActive()
 .text._ZN5daisy11UartHandler7FlushRxEv
                0x0000000008007b84       0x10 lib/libdaisy/build/libdaisy.a(uart.o)
                0x0000000008007b84                daisy::UartHandler::FlushRx()
 .text._ZN5daisy11UartHandler5PopRxEv
                0x0000000008007b94       0x28 lib/libdaisy/build/libdaisy.a(uart.o)
                0x0000000008007b94                daisy::UartHandler::PopRx()
 .text._ZN5daisy11UartHandler8ReadableEv
                0x0000000008007bbc       0x10 lib/libdaisy/build/libdaisy.a(uart.o)
                0x0000000008007bbc                daisy::UartHandler::Readable()
 .text.startup._GLOBAL__sub_I__Z19MapInstanceToHandleP13USART_TypeDef
                0x0000000008007bcc      0x140 lib/libdaisy/build/libdaisy.a(uart.o)
 .text._ZN5daisy11TimerHandleD2Ev
                0x0000000008007d0c        0x4 lib/libdaisy/build/libdaisy.a(system.o)
                0x0000000008007d0c                daisy::TimerHandle::~TimerHandle()
                0x0000000008007d0c                daisy::TimerHandle::~TimerHandle()
 .text.SysTick_Handler
                0x0000000008007d10       0x10 lib/libdaisy/build/libdaisy.a(system.o)
                0x0000000008007d10                SysTick_Handler
 .text.OTG_HS_EP1_OUT_IRQHandler
                0x0000000008007d20       0x24 lib/libdaisy/build/libdaisy.a(system.o)
                0x0000000008007d20                OTG_HS_EP1_OUT_IRQHandler
 .text.OTG_HS_EP1_IN_IRQHandler
                0x0000000008007d44       0x24 lib/libdaisy/build/libdaisy.a(system.o)
                0x0000000008007d44                OTG_HS_EP1_IN_IRQHandler
 .text.OTG_HS_IRQHandler
                0x0000000008007d68       0x24 lib/libdaisy/build/libdaisy.a(system.o)
                0x0000000008007d68                OTG_HS_IRQHandler
 .text.HardFault_Handler
                0x0000000008007d8c        0x4 lib/libdaisy/build/libdaisy.a(system.o)
                0x0000000008007d8c                HardFault_Handler
 .text._ZN5daisy6System6GetNowEv
                0x0000000008007d90        0x4 lib/libdaisy/build/libdaisy.a(system.o)
                0x0000000008007d90                daisy::System::GetNow()
 .text._ZN5daisy6System5DelayEm
                0x0000000008007d94        0x4 lib/libdaisy/build/libdaisy.a(system.o)
                0x0000000008007d94                daisy::System::Delay(unsigned long)
 .text._ZN5daisy6System15ConfigureClocksEv
                0x0000000008007d98      0x194 lib/libdaisy/build/libdaisy.a(system.o)
                0x0000000008007d98                daisy::System::ConfigureClocks()
 .text._ZN5daisy6System4InitERKNS0_6ConfigE
                0x0000000008007f2c      0x12c lib/libdaisy/build/libdaisy.a(system.o)
                0x0000000008007f2c                daisy::System::Init(daisy::System::Config const&)
 .text._ZN5daisy6System12GetPClk1FreqEv
                0x0000000008008058        0x4 lib/libdaisy/build/libdaisy.a(system.o)
                0x0000000008008058                daisy::System::GetPClk1Freq()
 .text._ZN5daisy6System22GetProgramMemoryRegionEv
                0x000000000800805c       0x78 lib/libdaisy/build/libdaisy.a(system.o)
                0x000000000800805c                daisy::System::GetProgramMemoryRegion()
 .text.startup._GLOBAL__sub_I_SysTick_Handler
                0x00000000080080d4       0x1c lib/libdaisy/build/libdaisy.a(system.o)
 .text.SystemInit
                0x00000000080080f0       0x9c lib/libdaisy/build/libdaisy.a(system_stm32h7xx.o)
                0x00000000080080f0                SystemInit
 .text.HAL_PCD_SetupStageCallback
                0x000000000800818c        0xc lib/libdaisy/build/libdaisy.a(usbd_conf.o)
                0x000000000800818c                HAL_PCD_SetupStageCallback
 .text.HAL_PCD_DataOutStageCallback
                0x0000000008008198       0x14 lib/libdaisy/build/libdaisy.a(usbd_conf.o)
                0x0000000008008198                HAL_PCD_DataOutStageCallback
 .text.HAL_PCD_DataInStageCallback
                0x00000000080081ac       0x14 lib/libdaisy/build/libdaisy.a(usbd_conf.o)
                0x00000000080081ac                HAL_PCD_DataInStageCallback
 .text.HAL_PCD_SOFCallback
                0x00000000080081c0        0x8 lib/libdaisy/build/libdaisy.a(usbd_conf.o)
                0x00000000080081c0                HAL_PCD_SOFCallback
 .text.HAL_PCD_ResetCallback
                0x00000000080081c8       0x24 lib/libdaisy/build/libdaisy.a(usbd_conf.o)
                0x00000000080081c8                HAL_PCD_ResetCallback
 .text.HAL_PCD_SuspendCallback
                0x00000000080081ec       0x30 lib/libdaisy/build/libdaisy.a(usbd_conf.o)
                0x00000000080081ec                HAL_PCD_SuspendCallback
 .text.HAL_PCD_ResumeCallback
                0x000000000800821c        0x8 lib/libdaisy/build/libdaisy.a(usbd_conf.o)
                0x000000000800821c                HAL_PCD_ResumeCallback
 .text.HAL_PCD_ISOOUTIncompleteCallback
                0x0000000008008224        0x8 lib/libdaisy/build/libdaisy.a(usbd_conf.o)
                0x0000000008008224                HAL_PCD_ISOOUTIncompleteCallback
 .text.HAL_PCD_ISOINIncompleteCallback
                0x000000000800822c        0x8 lib/libdaisy/build/libdaisy.a(usbd_conf.o)
                0x000000000800822c                HAL_PCD_ISOINIncompleteCallback
 .text.HAL_PCD_ConnectCallback
                0x0000000008008234        0x8 lib/libdaisy/build/libdaisy.a(usbd_conf.o)
                0x0000000008008234                HAL_PCD_ConnectCallback
 .text.HAL_PCD_DisconnectCallback
                0x000000000800823c        0x8 lib/libdaisy/build/libdaisy.a(usbd_conf.o)
                0x000000000800823c                HAL_PCD_DisconnectCallback
 .text.USBD_LL_OpenEP
                0x0000000008008244       0x24 lib/libdaisy/build/libdaisy.a(usbd_conf.o)
                0x0000000008008244                USBD_LL_OpenEP
 .text.USBD_LL_StallEP
                0x0000000008008268       0x1c lib/libdaisy/build/libdaisy.a(usbd_conf.o)
                0x0000000008008268                USBD_LL_StallEP
 .text.USBD_LL_ClearStallEP
                0x0000000008008284       0x1c lib/libdaisy/build/libdaisy.a(usbd_conf.o)
                0x0000000008008284                USBD_LL_ClearStallEP
 .text.USBD_LL_IsStallEP
                0x00000000080082a0       0x28 lib/libdaisy/build/libdaisy.a(usbd_conf.o)
                0x00000000080082a0                USBD_LL_IsStallEP
 .text.USBD_LL_SetUSBAddress
                0x00000000080082c8       0x1c lib/libdaisy/build/libdaisy.a(usbd_conf.o)
                0x00000000080082c8                USBD_LL_SetUSBAddress
 .text.USBD_LL_Transmit
                0x00000000080082e4       0x1c lib/libdaisy/build/libdaisy.a(usbd_conf.o)
                0x00000000080082e4                USBD_LL_Transmit
 .text.USBD_LL_PrepareReceive
                0x0000000008008300       0x1c lib/libdaisy/build/libdaisy.a(usbd_conf.o)
                0x0000000008008300                USBD_LL_PrepareReceive
 .text.HAL_HCD_SOF_Callback
                0x000000000800831c        0x8 lib/libdaisy/build/libdaisy.a(usbh_conf.o)
                0x000000000800831c                HAL_HCD_SOF_Callback
 .text.HAL_HCD_Connect_Callback
                0x0000000008008324        0x8 lib/libdaisy/build/libdaisy.a(usbh_conf.o)
                0x0000000008008324                HAL_HCD_Connect_Callback
 .text.HAL_HCD_Disconnect_Callback
                0x000000000800832c        0x8 lib/libdaisy/build/libdaisy.a(usbh_conf.o)
                0x000000000800832c                HAL_HCD_Disconnect_Callback
 .text.HAL_HCD_HC_NotifyURBChange_Callback
                0x0000000008008334        0x4 lib/libdaisy/build/libdaisy.a(usbh_conf.o)
                0x0000000008008334                HAL_HCD_HC_NotifyURBChange_Callback
 .text.HAL_HCD_PortEnabled_Callback
                0x0000000008008338        0x8 lib/libdaisy/build/libdaisy.a(usbh_conf.o)
                0x0000000008008338                HAL_HCD_PortEnabled_Callback
 .text.HAL_HCD_PortDisabled_Callback
                0x0000000008008340        0x8 lib/libdaisy/build/libdaisy.a(usbh_conf.o)
                0x0000000008008340                HAL_HCD_PortDisabled_Callback
 .text.USBH_LL_Stop
                0x0000000008008348       0x1c lib/libdaisy/build/libdaisy.a(usbh_conf.o)
                0x0000000008008348                USBH_LL_Stop
 .text.dsy_hal_map_get_port
                0x0000000008008364       0x10 lib/libdaisy/build/libdaisy.a(hal_map.o)
                0x0000000008008364                dsy_hal_map_get_port
 .text.dsy_hal_map_get_pin
                0x0000000008008374       0x10 lib/libdaisy/build/libdaisy.a(hal_map.o)
                0x0000000008008374                dsy_hal_map_get_pin
 .text.dsy_hal_map_gpio_clk_enable
                0x0000000008008384      0x150 lib/libdaisy/build/libdaisy.a(hal_map.o)
                0x0000000008008384                dsy_hal_map_gpio_clk_enable
 .text.HAL_MspInit
                0x00000000080084d4        0x4 lib/libdaisy/build/libdaisy.a(stm32h7xx_hal.o)
                0x00000000080084d4                HAL_MspInit
 .text.HAL_InitTick
                0x00000000080084d8       0x4c lib/libdaisy/build/libdaisy.a(stm32h7xx_hal.o)
                0x00000000080084d8                HAL_InitTick
 .text.HAL_Init
                0x0000000008008524       0x60 lib/libdaisy/build/libdaisy.a(stm32h7xx_hal.o)
                0x0000000008008524                HAL_Init
 .text.HAL_IncTick
                0x0000000008008584       0x18 lib/libdaisy/build/libdaisy.a(stm32h7xx_hal.o)
                0x0000000008008584                HAL_IncTick
 .text.HAL_GetTick
                0x000000000800859c        0xc lib/libdaisy/build/libdaisy.a(stm32h7xx_hal.o)
                0x000000000800859c                HAL_GetTick
 .text.HAL_Delay
                0x00000000080085a8       0x24 lib/libdaisy/build/libdaisy.a(stm32h7xx_hal.o)
                0x00000000080085a8                HAL_Delay
 .text.HAL_GetREVID
                0x00000000080085cc        0xc lib/libdaisy/build/libdaisy.a(stm32h7xx_hal.o)
                0x00000000080085cc                HAL_GetREVID
 .text.HAL_ADC_ConvHalfCpltCallback
                0x00000000080085d8        0x4 lib/libdaisy/build/libdaisy.a(stm32h7xx_hal_adc.o)
                0x00000000080085d8                HAL_ADC_ConvHalfCpltCallback
 .text.ADC_DMAHalfConvCplt
                0x00000000080085dc        0xc lib/libdaisy/build/libdaisy.a(stm32h7xx_hal_adc.o)
                0x00000000080085dc                ADC_DMAHalfConvCplt
 .text.ADC_DMAConvCplt
                0x00000000080085e8       0x6c lib/libdaisy/build/libdaisy.a(stm32h7xx_hal_adc.o)
                0x00000000080085e8                ADC_DMAConvCplt
 .text.ADC_DMAError
                0x0000000008008654       0x1c lib/libdaisy/build/libdaisy.a(stm32h7xx_hal_adc.o)
                0x0000000008008654                ADC_DMAError
 .text.HAL_ADC_ConfigChannel
                0x0000000008008670      0x3fc lib/libdaisy/build/libdaisy.a(stm32h7xx_hal_adc.o)
                0x0000000008008670                HAL_ADC_ConfigChannel
 .text.ADC_Enable
                0x0000000008008a6c       0xac lib/libdaisy/build/libdaisy.a(stm32h7xx_hal_adc.o)
                0x0000000008008a6c                ADC_Enable
 .text.HAL_ADC_Start_DMA
                0x0000000008008b18      0x114 lib/libdaisy/build/libdaisy.a(stm32h7xx_hal_adc.o)
                0x0000000008008b18                HAL_ADC_Start_DMA
 .text.ADC_Disable
                0x0000000008008c2c       0x68 lib/libdaisy/build/libdaisy.a(stm32h7xx_hal_adc.o)
                0x0000000008008c2c                ADC_Disable
 .text.ADC_ConfigureBoostMode
                0x0000000008008c94      0x184 lib/libdaisy/build/libdaisy.a(stm32h7xx_hal_adc.o)
                0x0000000008008c94                ADC_ConfigureBoostMode
 .text.HAL_ADC_Init
                0x0000000008008e18      0x218 lib/libdaisy/build/libdaisy.a(stm32h7xx_hal_adc.o)
                0x0000000008008e18                HAL_ADC_Init
 .text.HAL_ADCEx_Calibration_Start
                0x0000000008009030       0xa4 lib/libdaisy/build/libdaisy.a(stm32h7xx_hal_adc_ex.o)
                0x0000000008009030                HAL_ADCEx_Calibration_Start
 .text.HAL_ADCEx_MultiModeConfigChannel
                0x00000000080090d4       0xc4 lib/libdaisy/build/libdaisy.a(stm32h7xx_hal_adc_ex.o)
                0x00000000080090d4                HAL_ADCEx_MultiModeConfigChannel
 .text.HAL_NVIC_SetPriorityGrouping
                0x0000000008009198       0x24 lib/libdaisy/build/libdaisy.a(stm32h7xx_hal_cortex.o)
                0x0000000008009198                HAL_NVIC_SetPriorityGrouping
 .text.HAL_NVIC_SetPriority
                0x00000000080091bc       0x7c lib/libdaisy/build/libdaisy.a(stm32h7xx_hal_cortex.o)
                0x00000000080091bc                HAL_NVIC_SetPriority
 .text.HAL_NVIC_EnableIRQ
                0x0000000008009238       0x1c lib/libdaisy/build/libdaisy.a(stm32h7xx_hal_cortex.o)
                0x0000000008009238                HAL_NVIC_EnableIRQ
 .text.HAL_NVIC_DisableIRQ
                0x0000000008009254       0x28 lib/libdaisy/build/libdaisy.a(stm32h7xx_hal_cortex.o)
                0x0000000008009254                HAL_NVIC_DisableIRQ
 .text.HAL_SYSTICK_Config
                0x000000000800927c       0x2c lib/libdaisy/build/libdaisy.a(stm32h7xx_hal_cortex.o)
                0x000000000800927c                HAL_SYSTICK_Config
 .text.HAL_MPU_Disable
                0x00000000080092a8       0x1c lib/libdaisy/build/libdaisy.a(stm32h7xx_hal_cortex.o)
                0x00000000080092a8                HAL_MPU_Disable
 .text.HAL_MPU_Enable
                0x00000000080092c4       0x20 lib/libdaisy/build/libdaisy.a(stm32h7xx_hal_cortex.o)
                0x00000000080092c4                HAL_MPU_Enable
 .text.HAL_MPU_ConfigRegion
                0x00000000080092e4       0x64 lib/libdaisy/build/libdaisy.a(stm32h7xx_hal_cortex.o)
                0x00000000080092e4                HAL_MPU_ConfigRegion
 .text.HAL_SYSTICK_Callback
                0x0000000008009348        0x4 lib/libdaisy/build/libdaisy.a(stm32h7xx_hal_cortex.o)
                0x0000000008009348                HAL_SYSTICK_Callback
 .text.HAL_SYSTICK_IRQHandler
                0x000000000800934c        0x8 lib/libdaisy/build/libdaisy.a(stm32h7xx_hal_cortex.o)
                0x000000000800934c                HAL_SYSTICK_IRQHandler
 .text.DMA_CalcBaseAndBitshift
                0x0000000008009354       0xf4 lib/libdaisy/build/libdaisy.a(stm32h7xx_hal_dma.o)
 .text.DMA_CalcDMAMUXChannelBaseAndMask
                0x0000000008009448       0xd8 lib/libdaisy/build/libdaisy.a(stm32h7xx_hal_dma.o)
 .text.HAL_DMA_Init
                0x0000000008009520      0x37c lib/libdaisy/build/libdaisy.a(stm32h7xx_hal_dma.o)
                0x0000000008009520                HAL_DMA_Init
 .text.HAL_DMA_Start_IT
                0x000000000800989c      0x240 lib/libdaisy/build/libdaisy.a(stm32h7xx_hal_dma.o)
                0x000000000800989c                HAL_DMA_Start_IT
 .text.HAL_DMA_Abort_IT
                0x0000000008009adc      0x134 lib/libdaisy/build/libdaisy.a(stm32h7xx_hal_dma.o)
                0x0000000008009adc                HAL_DMA_Abort_IT
 .text.HAL_DMA_IRQHandler
                0x0000000008009c10      0x6a0 lib/libdaisy/build/libdaisy.a(stm32h7xx_hal_dma.o)
                0x0000000008009c10                HAL_DMA_IRQHandler
 .text.HAL_DMA_GetError
                0x000000000800a2b0        0x4 lib/libdaisy/build/libdaisy.a(stm32h7xx_hal_dma.o)
                0x000000000800a2b0                HAL_DMA_GetError
 .text.HAL_GPIO_Init
                0x000000000800a2b4      0x280 lib/libdaisy/build/libdaisy.a(stm32h7xx_hal_gpio.o)
                0x000000000800a2b4                HAL_GPIO_Init
 .text.HAL_GPIO_DeInit
                0x000000000800a534      0x190 lib/libdaisy/build/libdaisy.a(stm32h7xx_hal_gpio.o)
                0x000000000800a534                HAL_GPIO_DeInit
 .text.HAL_GPIO_ReadPin
                0x000000000800a6c4        0xc lib/libdaisy/build/libdaisy.a(stm32h7xx_hal_gpio.o)
                0x000000000800a6c4                HAL_GPIO_ReadPin
 .text.HAL_GPIO_WritePin
                0x000000000800a6d0        0x8 lib/libdaisy/build/libdaisy.a(stm32h7xx_hal_gpio.o)
                0x000000000800a6d0                HAL_GPIO_WritePin
 .text.HAL_HCD_IRQHandler
                0x000000000800a6d8      0x780 lib/libdaisy/build/libdaisy.a(stm32h7xx_hal_hcd.o)
                0x000000000800a6d8                HAL_HCD_IRQHandler
 .text.HAL_HCD_Stop
                0x000000000800ae58       0x28 lib/libdaisy/build/libdaisy.a(stm32h7xx_hal_hcd.o)
                0x000000000800ae58                HAL_HCD_Stop
 .text.I2C_WaitOnTXISFlagUntilTimeout
                0x000000000800ae80       0xb8 lib/libdaisy/build/libdaisy.a(stm32h7xx_hal_i2c.o)
 .text.I2C_WaitOnSTOPFlagUntilTimeout
                0x000000000800af38       0xac lib/libdaisy/build/libdaisy.a(stm32h7xx_hal_i2c.o)
 .text.HAL_I2C_Init
                0x000000000800afe4       0xac lib/libdaisy/build/libdaisy.a(stm32h7xx_hal_i2c.o)
                0x000000000800afe4                HAL_I2C_Init
 .text.HAL_I2C_Master_Transmit
                0x000000000800b090      0x1a8 lib/libdaisy/build/libdaisy.a(stm32h7xx_hal_i2c.o)
                0x000000000800b090                HAL_I2C_Master_Transmit
 .text.HAL_I2C_Slave_Transmit
                0x000000000800b238      0x1c8 lib/libdaisy/build/libdaisy.a(stm32h7xx_hal_i2c.o)
                0x000000000800b238                HAL_I2C_Slave_Transmit
 .text.HAL_I2C_EV_IRQHandler
                0x000000000800b400       0x10 lib/libdaisy/build/libdaisy.a(stm32h7xx_hal_i2c.o)
                0x000000000800b400                HAL_I2C_EV_IRQHandler
 .text.HAL_I2C_GetState
                0x000000000800b410        0x8 lib/libdaisy/build/libdaisy.a(stm32h7xx_hal_i2c.o)
                0x000000000800b410                HAL_I2C_GetState
 .text.HAL_I2CEx_ConfigAnalogFilter
                0x000000000800b418       0x54 lib/libdaisy/build/libdaisy.a(stm32h7xx_hal_i2c_ex.o)
                0x000000000800b418                HAL_I2CEx_ConfigAnalogFilter
 .text.HAL_I2CEx_ConfigDigitalFilter
                0x000000000800b46c       0x58 lib/libdaisy/build/libdaisy.a(stm32h7xx_hal_i2c_ex.o)
                0x000000000800b46c                HAL_I2CEx_ConfigDigitalFilter
 .text.HAL_PCD_IRQHandler
                0x000000000800b4c4      0x69c lib/libdaisy/build/libdaisy.a(stm32h7xx_hal_pcd.o)
                0x000000000800b4c4                HAL_PCD_IRQHandler
 .text.HAL_PCD_SetAddress
                0x000000000800bb60       0x2c lib/libdaisy/build/libdaisy.a(stm32h7xx_hal_pcd.o)
                0x000000000800bb60                HAL_PCD_SetAddress
 .text.HAL_PCD_EP_Open
                0x000000000800bb8c       0x7c lib/libdaisy/build/libdaisy.a(stm32h7xx_hal_pcd.o)
                0x000000000800bb8c                HAL_PCD_EP_Open
 .text.HAL_PCD_EP_Receive
                0x000000000800bc08       0x50 lib/libdaisy/build/libdaisy.a(stm32h7xx_hal_pcd.o)
                0x000000000800bc08                HAL_PCD_EP_Receive
 .text.HAL_PCD_EP_Transmit
                0x000000000800bc58       0x50 lib/libdaisy/build/libdaisy.a(stm32h7xx_hal_pcd.o)
                0x000000000800bc58                HAL_PCD_EP_Transmit
 .text.HAL_PCD_EP_SetStall
                0x000000000800bca8       0x88 lib/libdaisy/build/libdaisy.a(stm32h7xx_hal_pcd.o)
                0x000000000800bca8                HAL_PCD_EP_SetStall
 .text.HAL_PCD_EP_ClrStall
                0x000000000800bd30       0x78 lib/libdaisy/build/libdaisy.a(stm32h7xx_hal_pcd.o)
                0x000000000800bd30                HAL_PCD_EP_ClrStall
 .text.HAL_PCDEx_LPM_Callback
                0x000000000800bda8        0x4 lib/libdaisy/build/libdaisy.a(stm32h7xx_hal_pcd_ex.o)
                0x000000000800bda8                HAL_PCDEx_LPM_Callback
 .text.HAL_PWREx_ConfigSupply
                0x000000000800bdac       0x4c lib/libdaisy/build/libdaisy.a(stm32h7xx_hal_pwr_ex.o)
                0x000000000800bdac                HAL_PWREx_ConfigSupply
 .text.HAL_PWREx_EnableUSBVoltageDetector
                0x000000000800bdf8       0x10 lib/libdaisy/build/libdaisy.a(stm32h7xx_hal_pwr_ex.o)
                0x000000000800bdf8                HAL_PWREx_EnableUSBVoltageDetector
 .text.QSPI_Config
                0x000000000800be08      0x174 lib/libdaisy/build/libdaisy.a(stm32h7xx_hal_qspi.o)
 .text.HAL_QSPI_Init
                0x000000000800bf7c       0xd8 lib/libdaisy/build/libdaisy.a(stm32h7xx_hal_qspi.o)
                0x000000000800bf7c                HAL_QSPI_Init
 .text.HAL_QSPI_DeInit
                0x000000000800c054       0x3c lib/libdaisy/build/libdaisy.a(stm32h7xx_hal_qspi.o)
                0x000000000800c054                HAL_QSPI_DeInit
 .text.HAL_QSPI_Command
                0x000000000800c090       0xd4 lib/libdaisy/build/libdaisy.a(stm32h7xx_hal_qspi.o)
                0x000000000800c090                HAL_QSPI_Command
 .text.HAL_QSPI_Transmit
                0x000000000800c164       0xfc lib/libdaisy/build/libdaisy.a(stm32h7xx_hal_qspi.o)
                0x000000000800c164                HAL_QSPI_Transmit
 .text.HAL_QSPI_Receive
                0x000000000800c260      0x108 lib/libdaisy/build/libdaisy.a(stm32h7xx_hal_qspi.o)
                0x000000000800c260                HAL_QSPI_Receive
 .text.HAL_QSPI_AutoPolling
                0x000000000800c368       0xf0 lib/libdaisy/build/libdaisy.a(stm32h7xx_hal_qspi.o)
                0x000000000800c368                HAL_QSPI_AutoPolling
 .text.HAL_QSPI_MemoryMapped
                0x000000000800c458       0xc0 lib/libdaisy/build/libdaisy.a(stm32h7xx_hal_qspi.o)
                0x000000000800c458                HAL_QSPI_MemoryMapped
 .text.HAL_QSPI_ErrorCallback
                0x000000000800c518        0x4 lib/libdaisy/build/libdaisy.a(stm32h7xx_hal_qspi.o)
                0x000000000800c518                HAL_QSPI_ErrorCallback
 .text.QSPI_DMAAbortCplt
                0x000000000800c51c       0x38 lib/libdaisy/build/libdaisy.a(stm32h7xx_hal_qspi.o)
 .text.HAL_QSPI_AbortCpltCallback
                0x000000000800c554        0x4 lib/libdaisy/build/libdaisy.a(stm32h7xx_hal_qspi.o)
                0x000000000800c554                HAL_QSPI_AbortCpltCallback
 .text.HAL_QSPI_CmdCpltCallback
                0x000000000800c558        0x4 lib/libdaisy/build/libdaisy.a(stm32h7xx_hal_qspi.o)
                0x000000000800c558                HAL_QSPI_CmdCpltCallback
 .text.HAL_QSPI_RxCpltCallback
                0x000000000800c55c        0x4 lib/libdaisy/build/libdaisy.a(stm32h7xx_hal_qspi.o)
                0x000000000800c55c                HAL_QSPI_RxCpltCallback
 .text.HAL_QSPI_TxCpltCallback
                0x000000000800c560        0x4 lib/libdaisy/build/libdaisy.a(stm32h7xx_hal_qspi.o)
                0x000000000800c560                HAL_QSPI_TxCpltCallback
 .text.HAL_QSPI_FifoThresholdCallback
                0x000000000800c564        0x4 lib/libdaisy/build/libdaisy.a(stm32h7xx_hal_qspi.o)
                0x000000000800c564                HAL_QSPI_FifoThresholdCallback
 .text.HAL_QSPI_StatusMatchCallback
                0x000000000800c568        0x4 lib/libdaisy/build/libdaisy.a(stm32h7xx_hal_qspi.o)
                0x000000000800c568                HAL_QSPI_StatusMatchCallback
 .text.HAL_QSPI_TimeOutCallback
                0x000000000800c56c        0x4 lib/libdaisy/build/libdaisy.a(stm32h7xx_hal_qspi.o)
                0x000000000800c56c                HAL_QSPI_TimeOutCallback
 .text.HAL_QSPI_IRQHandler
                0x000000000800c570      0x210 lib/libdaisy/build/libdaisy.a(stm32h7xx_hal_qspi.o)
                0x000000000800c570                HAL_QSPI_IRQHandler
 .text.HAL_RCC_OscConfig
                0x000000000800c780      0x51c lib/libdaisy/build/libdaisy.a(stm32h7xx_hal_rcc.o)
                0x000000000800c780                HAL_RCC_OscConfig
 .text.HAL_RCC_GetSysClockFreq
                0x000000000800cc9c      0x140 lib/libdaisy/build/libdaisy.a(stm32h7xx_hal_rcc.o)
                0x000000000800cc9c                HAL_RCC_GetSysClockFreq
 .text.HAL_RCC_ClockConfig
                0x000000000800cddc      0x234 lib/libdaisy/build/libdaisy.a(stm32h7xx_hal_rcc.o)
                0x000000000800cddc                HAL_RCC_ClockConfig
 .text.HAL_RCC_GetHCLKFreq
                0x000000000800d010       0x2c lib/libdaisy/build/libdaisy.a(stm32h7xx_hal_rcc.o)
                0x000000000800d010                HAL_RCC_GetHCLKFreq
 .text.HAL_RCC_GetPCLK1Freq
                0x000000000800d03c       0x38 lib/libdaisy/build/libdaisy.a(stm32h7xx_hal_rcc.o)
                0x000000000800d03c                HAL_RCC_GetPCLK1Freq
 .text.HAL_RCC_GetPCLK2Freq
                0x000000000800d074       0x38 lib/libdaisy/build/libdaisy.a(stm32h7xx_hal_rcc.o)
                0x000000000800d074                HAL_RCC_GetPCLK2Freq
 .text.RCCEx_PLL2_Config
                0x000000000800d0ac       0xf4 lib/libdaisy/build/libdaisy.a(stm32h7xx_hal_rcc_ex.o)
 .text.RCCEx_PLL3_Config
                0x000000000800d1a0       0xf4 lib/libdaisy/build/libdaisy.a(stm32h7xx_hal_rcc_ex.o)
 .text.HAL_RCCEx_PeriphCLKConfig
                0x000000000800d294      0xa7c lib/libdaisy/build/libdaisy.a(stm32h7xx_hal_rcc_ex.o)
                0x000000000800d294                HAL_RCCEx_PeriphCLKConfig
 .text.HAL_RCCEx_GetD3PCLK1Freq
                0x000000000800dd10       0x24 lib/libdaisy/build/libdaisy.a(stm32h7xx_hal_rcc_ex.o)
                0x000000000800dd10                HAL_RCCEx_GetD3PCLK1Freq
 .text.HAL_RCCEx_GetPLL2ClockFreq
                0x000000000800dd34      0x17c lib/libdaisy/build/libdaisy.a(stm32h7xx_hal_rcc_ex.o)
                0x000000000800dd34                HAL_RCCEx_GetPLL2ClockFreq
 .text.HAL_RCCEx_GetPLL3ClockFreq
                0x000000000800deb0      0x17c lib/libdaisy/build/libdaisy.a(stm32h7xx_hal_rcc_ex.o)
                0x000000000800deb0                HAL_RCCEx_GetPLL3ClockFreq
 .text.HAL_RCCEx_GetPLL1ClockFreq
                0x000000000800e02c      0x17c lib/libdaisy/build/libdaisy.a(stm32h7xx_hal_rcc_ex.o)
                0x000000000800e02c                HAL_RCCEx_GetPLL1ClockFreq
 .text.HAL_RCCEx_GetPeriphCLKFreq
                0x000000000800e1a8      0x198 lib/libdaisy/build/libdaisy.a(stm32h7xx_hal_rcc_ex.o)
                0x000000000800e1a8                HAL_RCCEx_GetPeriphCLKFreq
 .text.HAL_RCCEx_GetD1SysClockFreq
                0x000000000800e340       0x2c lib/libdaisy/build/libdaisy.a(stm32h7xx_hal_rcc_ex.o)
                0x000000000800e340                HAL_RCCEx_GetD1SysClockFreq
 .text.HAL_SAI_Init.part.0
                0x000000000800e36c      0x348 lib/libdaisy/build/libdaisy.a(stm32h7xx_hal_sai.o)
 .text.HAL_SAI_InitProtocol
                0x000000000800e6b4      0x178 lib/libdaisy/build/libdaisy.a(stm32h7xx_hal_sai.o)
                0x000000000800e6b4                HAL_SAI_InitProtocol
 .text.HAL_SAI_Transmit_DMA
                0x000000000800e82c      0x124 lib/libdaisy/build/libdaisy.a(stm32h7xx_hal_sai.o)
                0x000000000800e82c                HAL_SAI_Transmit_DMA
 .text.HAL_SAI_Receive_DMA
                0x000000000800e950       0xd0 lib/libdaisy/build/libdaisy.a(stm32h7xx_hal_sai.o)
                0x000000000800e950                HAL_SAI_Receive_DMA
 .text.HAL_SAI_TxCpltCallback
                0x000000000800ea20        0x4 lib/libdaisy/build/libdaisy.a(stm32h7xx_hal_sai.o)
                0x000000000800ea20                HAL_SAI_TxCpltCallback
 .text.SAI_DMATxCplt
                0x000000000800ea24       0x64 lib/libdaisy/build/libdaisy.a(stm32h7xx_hal_sai.o)
 .text.HAL_SAI_TxHalfCpltCallback
                0x000000000800ea88        0x4 lib/libdaisy/build/libdaisy.a(stm32h7xx_hal_sai.o)
                0x000000000800ea88                HAL_SAI_TxHalfCpltCallback
 .text.SAI_DMATxHalfCplt
                0x000000000800ea8c        0xc lib/libdaisy/build/libdaisy.a(stm32h7xx_hal_sai.o)
 .text.SAI_DMARxCplt
                0x000000000800ea98       0x64 lib/libdaisy/build/libdaisy.a(stm32h7xx_hal_sai.o)
 .text.SAI_DMARxHalfCplt
                0x000000000800eafc        0xc lib/libdaisy/build/libdaisy.a(stm32h7xx_hal_sai.o)
 .text.HAL_SAI_ErrorCallback
                0x000000000800eb08        0x4 lib/libdaisy/build/libdaisy.a(stm32h7xx_hal_sai.o)
                0x000000000800eb08                HAL_SAI_ErrorCallback
 .text.SAI_DMAError
                0x000000000800eb0c       0x6c lib/libdaisy/build/libdaisy.a(stm32h7xx_hal_sai.o)
 .text.HAL_SDRAM_Init
                0x000000000800eb78       0x54 lib/libdaisy/build/libdaisy.a(stm32h7xx_hal_sdram.o)
                0x000000000800eb78                HAL_SDRAM_Init
 .text.HAL_SDRAM_SendCommand
                0x000000000800ebcc       0x40 lib/libdaisy/build/libdaisy.a(stm32h7xx_hal_sdram.o)
                0x000000000800ebcc                HAL_SDRAM_SendCommand
 .text.HAL_SDRAM_ProgramRefreshRate
                0x000000000800ec0c       0x30 lib/libdaisy/build/libdaisy.a(stm32h7xx_hal_sdram.o)
                0x000000000800ec0c                HAL_SDRAM_ProgramRefreshRate
 .text.HAL_UART_Receive_DMA
                0x000000000800ec3c       0xac lib/libdaisy/build/libdaisy.a(stm32h7xx_hal_uart.o)
                0x000000000800ec3c                HAL_UART_Receive_DMA
 .text.HAL_UART_TxCpltCallback
                0x000000000800ece8        0x4 lib/libdaisy/build/libdaisy.a(stm32h7xx_hal_uart.o)
                0x000000000800ece8                HAL_UART_TxCpltCallback
 .text.UART_DMAReceiveCplt
                0x000000000800ecec       0x38 lib/libdaisy/build/libdaisy.a(stm32h7xx_hal_uart.o)
 .text.HAL_UART_RxHalfCpltCallback
                0x000000000800ed24        0x4 lib/libdaisy/build/libdaisy.a(stm32h7xx_hal_uart.o)
                0x000000000800ed24                HAL_UART_RxHalfCpltCallback
 .text.UART_DMARxHalfCplt
                0x000000000800ed28        0xc lib/libdaisy/build/libdaisy.a(stm32h7xx_hal_uart.o)
 .text.UART_DMAError
                0x000000000800ed34       0x78 lib/libdaisy/build/libdaisy.a(stm32h7xx_hal_uart.o)
 .text.HAL_UART_IRQHandler
                0x000000000800edac      0x1d0 lib/libdaisy/build/libdaisy.a(stm32h7xx_hal_uart.o)
                0x000000000800edac                HAL_UART_IRQHandler
 .text.UART_DMAAbortOnError
                0x000000000800ef7c       0x14 lib/libdaisy/build/libdaisy.a(stm32h7xx_hal_uart.o)
 .text.UART_SetConfig
                0x000000000800ef90     0x14b8 lib/libdaisy/build/libdaisy.a(stm32h7xx_hal_uart.o)
                0x000000000800ef90                UART_SetConfig
 .text.UART_AdvFeatureConfig
                0x0000000008010448       0xb0 lib/libdaisy/build/libdaisy.a(stm32h7xx_hal_uart.o)
                0x0000000008010448                UART_AdvFeatureConfig
 .text.UART_CheckIdleState
                0x00000000080104f8       0x84 lib/libdaisy/build/libdaisy.a(stm32h7xx_hal_uart.o)
                0x00000000080104f8                UART_CheckIdleState
 .text.HAL_UART_Init
                0x000000000801057c       0x68 lib/libdaisy/build/libdaisy.a(stm32h7xx_hal_uart.o)
                0x000000000801057c                HAL_UART_Init
 .text.HAL_UARTEx_WakeupCallback
                0x00000000080105e4        0x4 lib/libdaisy/build/libdaisy.a(stm32h7xx_hal_uart_ex.o)
                0x00000000080105e4                HAL_UARTEx_WakeupCallback
 .text.HAL_UARTEx_RxFifoFullCallback
                0x00000000080105e8        0x4 lib/libdaisy/build/libdaisy.a(stm32h7xx_hal_uart_ex.o)
                0x00000000080105e8                HAL_UARTEx_RxFifoFullCallback
 .text.HAL_UARTEx_TxFifoEmptyCallback
                0x00000000080105ec        0x4 lib/libdaisy/build/libdaisy.a(stm32h7xx_hal_uart_ex.o)
                0x00000000080105ec                HAL_UARTEx_TxFifoEmptyCallback
 .text.HAL_UARTEx_DisableFifoMode
                0x00000000080105f0       0x3c lib/libdaisy/build/libdaisy.a(stm32h7xx_hal_uart_ex.o)
                0x00000000080105f0                HAL_UARTEx_DisableFifoMode
 .text.HAL_UARTEx_SetTxFifoThreshold
                0x000000000801062c       0xa4 lib/libdaisy/build/libdaisy.a(stm32h7xx_hal_uart_ex.o)
                0x000000000801062c                HAL_UARTEx_SetTxFifoThreshold
 .text.HAL_UARTEx_SetRxFifoThreshold
                0x00000000080106d0       0xa4 lib/libdaisy/build/libdaisy.a(stm32h7xx_hal_uart_ex.o)
                0x00000000080106d0                HAL_UARTEx_SetRxFifoThreshold
 .text.FMC_SDRAM_Init
                0x0000000008010774       0x7c lib/libdaisy/build/libdaisy.a(stm32h7xx_ll_fmc.o)
                0x0000000008010774                FMC_SDRAM_Init
 .text.FMC_SDRAM_Timing_Init
                0x00000000080107f0       0x98 lib/libdaisy/build/libdaisy.a(stm32h7xx_ll_fmc.o)
                0x00000000080107f0                FMC_SDRAM_Timing_Init
 .text.FMC_SDRAM_SendCommand
                0x0000000008010888       0x28 lib/libdaisy/build/libdaisy.a(stm32h7xx_ll_fmc.o)
                0x0000000008010888                FMC_SDRAM_SendCommand
 .text.FMC_SDRAM_ProgramRefreshRate
                0x00000000080108b0       0x1c lib/libdaisy/build/libdaisy.a(stm32h7xx_ll_fmc.o)
                0x00000000080108b0                FMC_SDRAM_ProgramRefreshRate
 .text.USB_SetTurnaroundTime
                0x00000000080108cc       0xf4 lib/libdaisy/build/libdaisy.a(stm32h7xx_ll_usb.o)
                0x00000000080108cc                USB_SetTurnaroundTime
 .text.USB_FlushTxFifo
                0x00000000080109c0       0x24 lib/libdaisy/build/libdaisy.a(stm32h7xx_ll_usb.o)
                0x00000000080109c0                USB_FlushTxFifo
 .text.USB_GetDevSpeed
                0x00000000080109e4       0x18 lib/libdaisy/build/libdaisy.a(stm32h7xx_ll_usb.o)
                0x00000000080109e4                USB_GetDevSpeed
 .text.USB_ActivateEndpoint
                0x00000000080109fc       0x90 lib/libdaisy/build/libdaisy.a(stm32h7xx_ll_usb.o)
                0x00000000080109fc                USB_ActivateEndpoint
 .text.USB_EPStartXfer
                0x0000000008010a8c      0x230 lib/libdaisy/build/libdaisy.a(stm32h7xx_ll_usb.o)
                0x0000000008010a8c                USB_EPStartXfer
 .text.USB_EP0StartXfer
                0x0000000008010cbc      0x174 lib/libdaisy/build/libdaisy.a(stm32h7xx_ll_usb.o)
                0x0000000008010cbc                USB_EP0StartXfer
 .text.USB_WritePacket
                0x0000000008010e30       0x2c lib/libdaisy/build/libdaisy.a(stm32h7xx_ll_usb.o)
                0x0000000008010e30                USB_WritePacket
 .text.USB_ReadPacket
                0x0000000008010e5c       0x20 lib/libdaisy/build/libdaisy.a(stm32h7xx_ll_usb.o)
                0x0000000008010e5c                USB_ReadPacket
 .text.USB_EPSetStall
                0x0000000008010e7c       0x68 lib/libdaisy/build/libdaisy.a(stm32h7xx_ll_usb.o)
                0x0000000008010e7c                USB_EPSetStall
 .text.USB_EPClearStall
                0x0000000008010ee4       0x58 lib/libdaisy/build/libdaisy.a(stm32h7xx_ll_usb.o)
                0x0000000008010ee4                USB_EPClearStall
 .text.USB_SetDevAddress
                0x0000000008010f3c       0x24 lib/libdaisy/build/libdaisy.a(stm32h7xx_ll_usb.o)
                0x0000000008010f3c                USB_SetDevAddress
 .text.USB_ReadInterrupts
                0x0000000008010f60        0x8 lib/libdaisy/build/libdaisy.a(stm32h7xx_ll_usb.o)
                0x0000000008010f60                USB_ReadInterrupts
 .text.USB_ReadDevAllOutEpInterrupt
                0x0000000008010f68       0x10 lib/libdaisy/build/libdaisy.a(stm32h7xx_ll_usb.o)
                0x0000000008010f68                USB_ReadDevAllOutEpInterrupt
 .text.USB_ReadDevAllInEpInterrupt
                0x0000000008010f78       0x10 lib/libdaisy/build/libdaisy.a(stm32h7xx_ll_usb.o)
                0x0000000008010f78                USB_ReadDevAllInEpInterrupt
 .text.USB_ReadDevOutEPInterrupt
                0x0000000008010f88       0x14 lib/libdaisy/build/libdaisy.a(stm32h7xx_ll_usb.o)
                0x0000000008010f88                USB_ReadDevOutEPInterrupt
 .text.USB_ReadDevInEPInterrupt
                0x0000000008010f9c       0x20 lib/libdaisy/build/libdaisy.a(stm32h7xx_ll_usb.o)
                0x0000000008010f9c                USB_ReadDevInEPInterrupt
 .text.USB_GetMode
                0x0000000008010fbc        0x8 lib/libdaisy/build/libdaisy.a(stm32h7xx_ll_usb.o)
                0x0000000008010fbc                USB_GetMode
 .text.USB_ActivateSetup
                0x0000000008010fc4       0x38 lib/libdaisy/build/libdaisy.a(stm32h7xx_ll_usb.o)
                0x0000000008010fc4                USB_ActivateSetup
 .text.USB_EP0_OutStart
                0x0000000008010ffc       0x58 lib/libdaisy/build/libdaisy.a(stm32h7xx_ll_usb.o)
                0x0000000008010ffc                USB_EP0_OutStart
 .text.USB_InitFSLSPClkSel
                0x0000000008011054       0x44 lib/libdaisy/build/libdaisy.a(stm32h7xx_ll_usb.o)
                0x0000000008011054                USB_InitFSLSPClkSel
 .text.USB_HC_ReadInterrupt
                0x0000000008011098        0x8 lib/libdaisy/build/libdaisy.a(stm32h7xx_ll_usb.o)
                0x0000000008011098                USB_HC_ReadInterrupt
 .text.USB_HC_Halt
                0x00000000080110a0       0xb4 lib/libdaisy/build/libdaisy.a(stm32h7xx_ll_usb.o)
                0x00000000080110a0                USB_HC_Halt
 .text.USB_StopHost
                0x0000000008011154      0x184 lib/libdaisy/build/libdaisy.a(stm32h7xx_ll_usb.o)
                0x0000000008011154                USB_StopHost
 .text.USBD_SetClassConfig
                0x00000000080112d8       0x14 lib/libdaisy/build/libdaisy.a(usbd_core.o)
                0x00000000080112d8                USBD_SetClassConfig
 .text.USBD_ClrClassConfig
                0x00000000080112ec       0x10 lib/libdaisy/build/libdaisy.a(usbd_core.o)
                0x00000000080112ec                USBD_ClrClassConfig
 .text.USBD_LL_SetupStage
                0x00000000080112fc       0x5c lib/libdaisy/build/libdaisy.a(usbd_core.o)
                0x00000000080112fc                USBD_LL_SetupStage
 .text.USBD_LL_DataOutStage
                0x0000000008011358       0x7c lib/libdaisy/build/libdaisy.a(usbd_core.o)
                0x0000000008011358                USBD_LL_DataOutStage
 .text.USBD_LL_DataInStage
                0x00000000080113d4       0xcc lib/libdaisy/build/libdaisy.a(usbd_core.o)
                0x00000000080113d4                USBD_LL_DataInStage
 .text.USBD_LL_Reset
                0x00000000080114a0       0x50 lib/libdaisy/build/libdaisy.a(usbd_core.o)
                0x00000000080114a0                USBD_LL_Reset
 .text.USBD_LL_SetSpeed
                0x00000000080114f0        0x8 lib/libdaisy/build/libdaisy.a(usbd_core.o)
                0x00000000080114f0                USBD_LL_SetSpeed
 .text.USBD_LL_Suspend
                0x00000000080114f8       0x14 lib/libdaisy/build/libdaisy.a(usbd_core.o)
                0x00000000080114f8                USBD_LL_Suspend
 .text.USBD_LL_Resume
                0x000000000801150c       0x10 lib/libdaisy/build/libdaisy.a(usbd_core.o)
                0x000000000801150c                USBD_LL_Resume
 .text.USBD_LL_SOF
                0x000000000801151c       0x1c lib/libdaisy/build/libdaisy.a(usbd_core.o)
                0x000000000801151c                USBD_LL_SOF
 .text.USBD_LL_IsoINIncomplete
                0x0000000008011538        0x4 lib/libdaisy/build/libdaisy.a(usbd_core.o)
                0x0000000008011538                USBD_LL_IsoINIncomplete
 .text.USBD_LL_IsoOUTIncomplete
                0x000000000801153c        0x4 lib/libdaisy/build/libdaisy.a(usbd_core.o)
                0x000000000801153c                USBD_LL_IsoOUTIncomplete
 .text.USBD_LL_DevConnected
                0x0000000008011540        0x4 lib/libdaisy/build/libdaisy.a(usbd_core.o)
                0x0000000008011540                USBD_LL_DevConnected
 .text.USBD_LL_DevDisconnected
                0x0000000008011544       0x18 lib/libdaisy/build/libdaisy.a(usbd_core.o)
                0x0000000008011544                USBD_LL_DevDisconnected
 .text.USBD_StdDevReq
                0x000000000801155c      0x304 lib/libdaisy/build/libdaisy.a(usbd_ctlreq.o)
                0x000000000801155c                USBD_StdDevReq
 .text.USBD_StdItfReq
                0x0000000008011860       0x68 lib/libdaisy/build/libdaisy.a(usbd_ctlreq.o)
                0x0000000008011860                USBD_StdItfReq
 .text.USBD_StdEPReq
                0x00000000080118c8      0x13c lib/libdaisy/build/libdaisy.a(usbd_ctlreq.o)
                0x00000000080118c8                USBD_StdEPReq
 .text.USBD_ParseSetupRequest
                0x0000000008011a04       0x28 lib/libdaisy/build/libdaisy.a(usbd_ctlreq.o)
                0x0000000008011a04                USBD_ParseSetupRequest
 .text.USBD_CtlSendData
                0x0000000008011a2c       0x1c lib/libdaisy/build/libdaisy.a(usbd_ioreq.o)
                0x0000000008011a2c                USBD_CtlSendData
 .text.USBD_CtlContinueSendData
                0x0000000008011a48       0x14 lib/libdaisy/build/libdaisy.a(usbd_ioreq.o)
                0x0000000008011a48                USBD_CtlContinueSendData
 .text.USBD_CtlContinueRx
                0x0000000008011a5c       0x14 lib/libdaisy/build/libdaisy.a(usbd_ioreq.o)
                0x0000000008011a5c                USBD_CtlContinueRx
 .text.USBD_CtlSendStatus
                0x0000000008011a70       0x18 lib/libdaisy/build/libdaisy.a(usbd_ioreq.o)
                0x0000000008011a70                USBD_CtlSendStatus
 .text.USBD_CtlReceiveStatus
                0x0000000008011a88       0x18 lib/libdaisy/build/libdaisy.a(usbd_ioreq.o)
                0x0000000008011a88                USBD_CtlReceiveStatus
 .text.USBH_LL_IncTimer
                0x0000000008011aa0       0x20 lib/libdaisy/build/libdaisy.a(usbh_core.o)
                0x0000000008011aa0                USBH_LL_IncTimer
 .text.USBH_LL_PortEnabled
                0x0000000008011ac0        0x8 lib/libdaisy/build/libdaisy.a(usbh_core.o)
                0x0000000008011ac0                USBH_LL_PortEnabled
 .text.USBH_LL_PortDisabled
                0x0000000008011ac8        0x8 lib/libdaisy/build/libdaisy.a(usbh_core.o)
                0x0000000008011ac8                USBH_LL_PortDisabled
 .text.USBH_LL_Connect
                0x0000000008011ad0       0x18 lib/libdaisy/build/libdaisy.a(usbh_core.o)
                0x0000000008011ad0                USBH_LL_Connect
 .text.USBH_LL_Disconnect
                0x0000000008011ae8       0x2c lib/libdaisy/build/libdaisy.a(usbh_core.o)
                0x0000000008011ae8                USBH_LL_Disconnect
 .text.USBH_FreePipe
                0x0000000008011b14       0x18 lib/libdaisy/build/libdaisy.a(usbh_pipes.o)
                0x0000000008011b14                USBH_FreePipe
 .text._ZN5daisy6Random4InitEv
                0x0000000008011b2c       0x3c lib/libdaisy/build/libdaisy.a(rng.o)
                0x0000000008011b2c                daisy::Random::Init()
 .text._ZN5daisy9SpiHandle4Impl10StartDmaTxEPhjPFvPvNS0_6ResultEES3_
                0x0000000008011b68       0xfc lib/libdaisy/build/libdaisy.a(spi.o)
                0x0000000008011b68                daisy::SpiHandle::Impl::StartDmaTx(unsigned char*, unsigned int, void (*)(void*, daisy::SpiHandle::Result), void*)
 .text._ZN5daisy9SpiHandle4Impl10StartDmaRxEPhjPFvPvNS0_6ResultEES3_
                0x0000000008011c64       0xfc lib/libdaisy/build/libdaisy.a(spi.o)
                0x0000000008011c64                daisy::SpiHandle::Impl::StartDmaRx(unsigned char*, unsigned int, void (*)(void*, daisy::SpiHandle::Result), void*)
 .text._ZN5daisy9SpiHandle4Impl8InitPinsEv
                0x0000000008011d60      0x274 lib/libdaisy/build/libdaisy.a(spi.o)
                0x0000000008011d60                daisy::SpiHandle::Impl::InitPins()
 .text.HAL_SPI_MspInit
                0x0000000008011fd4      0x1a8 lib/libdaisy/build/libdaisy.a(spi.o)
                0x0000000008011fd4                HAL_SPI_MspInit
 .text.dsy_spi_global_init
                0x000000000801217c       0x6c lib/libdaisy/build/libdaisy.a(spi.o)
                0x000000000801217c                dsy_spi_global_init
 .text.SPI1_IRQHandler
                0x00000000080121e8        0xc lib/libdaisy/build/libdaisy.a(spi.o)
                0x00000000080121e8                SPI1_IRQHandler
 .text.DMA1_Stream7_IRQHandler
                0x00000000080121f4       0x34 lib/libdaisy/build/libdaisy.a(spi.o)
                0x00000000080121f4                DMA1_Stream7_IRQHandler
 .text.HAL_SPI_TxCpltCallback
                0x0000000008012228       0x90 lib/libdaisy/build/libdaisy.a(spi.o)
                0x0000000008012228                HAL_SPI_TxCpltCallback
 .text.HAL_SPI_RxCpltCallback
                0x00000000080122b8       0x90 lib/libdaisy/build/libdaisy.a(spi.o)
                0x00000000080122b8                HAL_SPI_RxCpltCallback
 .text.HAL_SPI_ErrorCallback
                0x0000000008012348       0x94 lib/libdaisy/build/libdaisy.a(spi.o)
                0x0000000008012348                HAL_SPI_ErrorCallback
 .text.startup._GLOBAL__sub_I__Z19MapInstanceToHandleP11SPI_TypeDef
                0x00000000080123dc      0x168 lib/libdaisy/build/libdaisy.a(spi.o)
 .text.HAL_TIM_Base_MspInit
                0x0000000008012544       0xcc lib/libdaisy/build/libdaisy.a(tim.o)
                0x0000000008012544                HAL_TIM_Base_MspInit
 .text._ZN5daisy11TimerHandle4InitERKNS0_6ConfigE
                0x0000000008012610       0xc4 lib/libdaisy/build/libdaisy.a(tim.o)
                0x0000000008012610                daisy::TimerHandle::Init(daisy::TimerHandle::Config const&)
 .text._ZN5daisy11TimerHandle5StartEv
                0x00000000080126d4       0x14 lib/libdaisy/build/libdaisy.a(tim.o)
                0x00000000080126d4                daisy::TimerHandle::Start()
 .text.dsy_dma_init
                0x00000000080126e8       0xe0 lib/libdaisy/build/libdaisy.a(dma.o)
                0x00000000080126e8                dsy_dma_init
 .text.HAL_MDMA_Abort_IT
                0x00000000080127c8       0x2c lib/libdaisy/build/libdaisy.a(stm32h7xx_hal_mdma.o)
                0x00000000080127c8                HAL_MDMA_Abort_IT
 .text.SPI_CloseTransfer
                0x00000000080127f4       0xb8 lib/libdaisy/build/libdaisy.a(stm32h7xx_hal_spi.o)
 .text.HAL_SPI_Init
                0x00000000080128ac      0x15c lib/libdaisy/build/libdaisy.a(stm32h7xx_hal_spi.o)
                0x00000000080128ac                HAL_SPI_Init
 .text.HAL_SPI_Transmit_DMA
                0x0000000008012a08      0x170 lib/libdaisy/build/libdaisy.a(stm32h7xx_hal_spi.o)
                0x0000000008012a08                HAL_SPI_Transmit_DMA
 .text.HAL_SPI_TransmitReceive_DMA
                0x0000000008012b78      0x218 lib/libdaisy/build/libdaisy.a(stm32h7xx_hal_spi.o)
                0x0000000008012b78                HAL_SPI_TransmitReceive_DMA
 .text.HAL_SPI_Receive_DMA
                0x0000000008012d90      0x1b4 lib/libdaisy/build/libdaisy.a(stm32h7xx_hal_spi.o)
                0x0000000008012d90                HAL_SPI_Receive_DMA
 .text.SPI_DMATransmitCplt
                0x0000000008012f44       0x28 lib/libdaisy/build/libdaisy.a(stm32h7xx_hal_spi.o)
 .text.SPI_DMAReceiveCplt
                0x0000000008012f6c       0x28 lib/libdaisy/build/libdaisy.a(stm32h7xx_hal_spi.o)
 .text.HAL_SPI_TxRxCpltCallback
                0x0000000008012f94        0x4 lib/libdaisy/build/libdaisy.a(stm32h7xx_hal_spi.o)
                0x0000000008012f94                HAL_SPI_TxRxCpltCallback
 .text.SPI_DMATransmitReceiveCplt
                0x0000000008012f98       0x28 lib/libdaisy/build/libdaisy.a(stm32h7xx_hal_spi.o)
 .text.HAL_SPI_TxHalfCpltCallback
                0x0000000008012fc0        0x4 lib/libdaisy/build/libdaisy.a(stm32h7xx_hal_spi.o)
                0x0000000008012fc0                HAL_SPI_TxHalfCpltCallback
 .text.SPI_DMAHalfTransmitCplt
                0x0000000008012fc4        0xc lib/libdaisy/build/libdaisy.a(stm32h7xx_hal_spi.o)
 .text.HAL_SPI_RxHalfCpltCallback
                0x0000000008012fd0        0x4 lib/libdaisy/build/libdaisy.a(stm32h7xx_hal_spi.o)
                0x0000000008012fd0                HAL_SPI_RxHalfCpltCallback
 .text.SPI_DMAHalfReceiveCplt
                0x0000000008012fd4        0xc lib/libdaisy/build/libdaisy.a(stm32h7xx_hal_spi.o)
 .text.HAL_SPI_TxRxHalfCpltCallback
                0x0000000008012fe0        0x4 lib/libdaisy/build/libdaisy.a(stm32h7xx_hal_spi.o)
                0x0000000008012fe0                HAL_SPI_TxRxHalfCpltCallback
 .text.SPI_DMAHalfTransmitReceiveCplt
                0x0000000008012fe4        0xc lib/libdaisy/build/libdaisy.a(stm32h7xx_hal_spi.o)
 .text.SPI_DMAError
                0x0000000008012ff0       0xd8 lib/libdaisy/build/libdaisy.a(stm32h7xx_hal_spi.o)
 .text.HAL_SPI_IRQHandler
                0x00000000080130c8      0x23c lib/libdaisy/build/libdaisy.a(stm32h7xx_hal_spi.o)
                0x00000000080130c8                HAL_SPI_IRQHandler
 .text.SPI_DMAAbortOnError
                0x0000000008013304       0x1c lib/libdaisy/build/libdaisy.a(stm32h7xx_hal_spi.o)
 .text.HAL_SPI_GetState
                0x0000000008013320        0x8 lib/libdaisy/build/libdaisy.a(stm32h7xx_hal_spi.o)
                0x0000000008013320                HAL_SPI_GetState
 .text.HAL_TIM_Base_Init
                0x0000000008013328      0x140 lib/libdaisy/build/libdaisy.a(stm32h7xx_hal_tim.o)
                0x0000000008013328                HAL_TIM_Base_Init
 .text.HAL_TIM_Base_Start
                0x0000000008013468       0x34 lib/libdaisy/build/libdaisy.a(stm32h7xx_hal_tim.o)
                0x0000000008013468                HAL_TIM_Base_Start
 .text.HAL_TIM_ConfigClockSource
                0x000000000801349c      0x17c lib/libdaisy/build/libdaisy.a(stm32h7xx_hal_tim.o)
                0x000000000801349c                HAL_TIM_ConfigClockSource
 .text.HAL_TIMEx_MasterConfigSynchronization
                0x0000000008013618       0x64 lib/libdaisy/build/libdaisy.a(stm32h7xx_hal_tim_ex.o)
                0x0000000008013618                HAL_TIMEx_MasterConfigSynchronization
 .text._ZN7daisysp4Adsr4InitEfi
                0x000000000801367c       0xe0 lib/DaisySP/build/libdaisysp.a(adsr.o)
                0x000000000801367c                daisysp::Adsr::Init(float, int)
 .text._ZN7daisysp4Adsr7SetTimeEif
                0x000000000801375c      0x110 lib/DaisySP/build/libdaisysp.a(adsr.o)
                0x000000000801375c                daisysp::Adsr::SetTime(int, float)
 .text._ZN7daisysp4Adsr7ProcessEb
                0x000000000801386c       0xb0 lib/DaisySP/build/libdaisysp.a(adsr.o)
                0x000000000801386c                daisysp::Adsr::Process(bool)
 .text._ZN7daisysp3Svf4InitEf
                0x000000000801391c       0x48 lib/DaisySP/build/libdaisysp.a(svf.o)
                0x000000000801391c                daisysp::Svf::Init(float)
 .text._ZN7daisysp3Svf7ProcessEf
                0x0000000008013964       0xc8 lib/DaisySP/build/libdaisysp.a(svf.o)
                0x0000000008013964                daisysp::Svf::Process(float)
 .text._ZN7daisysp3Svf7SetFreqEf
                0x0000000008013a2c       0xc8 lib/DaisySP/build/libdaisysp.a(svf.o)
                0x0000000008013a2c                daisysp::Svf::SetFreq(float)
 .text._ZN7daisysp3Svf6SetResEf
                0x0000000008013af4       0x8c lib/DaisySP/build/libdaisysp.a(svf.o)
                0x0000000008013af4                daisysp::Svf::SetRes(float)
 .text._ZN7daisysp3Svf8SetDriveEf
                0x0000000008013b80       0x34 lib/DaisySP/build/libdaisysp.a(svf.o)
                0x0000000008013b80                daisysp::Svf::SetDrive(float)
 .text._ZN7daisysp10Oscillator7ProcessEv
                0x0000000008013bb4      0x3c4 lib/DaisySP/build/libdaisysp.a(oscillator.o)
                0x0000000008013bb4                daisysp::Oscillator::Process()
 .text._ZN7daisysp10Oscillator12CalcPhaseIncEf
                0x0000000008013f78       0x18 lib/DaisySP/build/libdaisysp.a(oscillator.o)
                0x0000000008013f78                daisysp::Oscillator::CalcPhaseInc(float)
 .text.__aeabi_atexit
                0x0000000008013f90        0xa /Applications/ARM/bin/../lib/gcc/arm-none-eabi/10.3.1/../../../../arm-none-eabi/lib/thumb/v7e-m+dp/hard/libstdc++_nano.a(atexit_arm.o)
                0x0000000008013f90                __aeabi_atexit
 .text._ZNK10__cxxabiv117__class_type_info11__do_upcastEPKS0_PPv
                0x0000000008013f9a       0x32 /Applications/ARM/bin/../lib/gcc/arm-none-eabi/10.3.1/../../../../arm-none-eabi/lib/thumb/v7e-m+dp/hard/libstdc++_nano.a(class_type_info.o)
                0x0000000008013f9a                __cxxabiv1::__class_type_info::__do_upcast(__cxxabiv1::__class_type_info const*, void**) const
 .text._ZNK10__cxxabiv117__class_type_info20__do_find_public_srcEiPKvPKS0_S2_
                0x0000000008013fcc        0xc /Applications/ARM/bin/../lib/gcc/arm-none-eabi/10.3.1/../../../../arm-none-eabi/lib/thumb/v7e-m+dp/hard/libstdc++_nano.a(class_type_info.o)
                0x0000000008013fcc                __cxxabiv1::__class_type_info::__do_find_public_src(int, void const*, __cxxabiv1::__class_type_info const*, void const*) const
 .text._ZN10__cxxabiv117__class_type_infoD2Ev
                0x0000000008013fd8       0x14 /Applications/ARM/bin/../lib/gcc/arm-none-eabi/10.3.1/../../../../arm-none-eabi/lib/thumb/v7e-m+dp/hard/libstdc++_nano.a(class_type_info.o)
                0x0000000008013fd8                __cxxabiv1::__class_type_info::~__class_type_info()
                0x0000000008013fd8                __cxxabiv1::__class_type_info::~__class_type_info()
 .text._ZN10__cxxabiv117__class_type_infoD0Ev
                0x0000000008013fec       0x14 /Applications/ARM/bin/../lib/gcc/arm-none-eabi/10.3.1/../../../../arm-none-eabi/lib/thumb/v7e-m+dp/hard/libstdc++_nano.a(class_type_info.o)
                0x0000000008013fec                __cxxabiv1::__class_type_info::~__class_type_info()
 .text._ZNK10__cxxabiv117__class_type_info12__do_dyncastEiNS0_10__sub_kindEPKS0_PKvS3_S5_RNS0_16__dyncast_resultE
                0x0000000008014000       0x3e /Applications/ARM/bin/../lib/gcc/arm-none-eabi/10.3.1/../../../../arm-none-eabi/lib/thumb/v7e-m+dp/hard/libstdc++_nano.a(class_type_info.o)
                0x0000000008014000                __cxxabiv1::__class_type_info::__do_dyncast(int, __cxxabiv1::__class_type_info::__sub_kind, __cxxabiv1::__class_type_info const*, void const*, __cxxabiv1::__class_type_info const*, void const*, __cxxabiv1::__class_type_info::__dyncast_result&) const
 .text._ZNK10__cxxabiv117__class_type_info11__do_upcastEPKS0_PKvRNS0_15__upcast_resultE
                0x000000000801403e       0x18 /Applications/ARM/bin/../lib/gcc/arm-none-eabi/10.3.1/../../../../arm-none-eabi/lib/thumb/v7e-m+dp/hard/libstdc++_nano.a(class_type_info.o)
                0x000000000801403e                __cxxabiv1::__class_type_info::__do_upcast(__cxxabiv1::__class_type_info const*, void const*, __cxxabiv1::__class_type_info::__upcast_result&) const
 .text._ZNK10__cxxabiv117__class_type_info10__do_catchEPKSt9type_infoPPvj
                0x0000000008014056       0x2a /Applications/ARM/bin/../lib/gcc/arm-none-eabi/10.3.1/../../../../arm-none-eabi/lib/thumb/v7e-m+dp/hard/libstdc++_nano.a(class_type_info.o)
                0x0000000008014056                __cxxabiv1::__class_type_info::__do_catch(std::type_info const*, void**, unsigned int) const
 .text._ZdlPvj  0x0000000008014080        0x4 /Applications/ARM/bin/../lib/gcc/arm-none-eabi/10.3.1/../../../../arm-none-eabi/lib/thumb/v7e-m+dp/hard/libstdc++_nano.a(del_ops.o)
                0x0000000008014080                operator delete(void*, unsigned int)
 .text.__cxa_guard_acquire